Mdi:ArrangeIcons
Mdi:ArrangeIcons
Mdi:ArrangeIcons
wm geometry . 900x785+8+85
Mdi:ArrangeIcons
Mdi:ArrangeIcons
wm geometry . 1920x980+0+23
Mdi:ArrangeIcons
Mdi:ArrangeIcons
wm geometry . 1920x980+8+31
Mdi:ArrangeIcons
wm geometry . 1920x980+0+23
Mdi:ArrangeIcons
wm geometry . 1920x980+8+31
Mdi:ArrangeIcons
wm geometry . 1920x980+0+23
Mdi:ArrangeIcons
Mdi:ArrangeIcons
ScopeSigMgr:loadpffile /home/ece558_658_2024/cdeclercq/559/unppl_design/systolic_array/sys_arr_unp/sau_prl.tr0 1 openonly
# PF:1
wm geometry .sigmgr._PF:1 232x242+1813+540
wm geometry .sigmgr._PF:1 231x319+1676+342
wm geometry .sigmgr._PF:1 231x605+1676+342
wm geometry .sigmgr._PF:1 232x242+1813+540
wm geometry .sigmgr._PF:1 232x242+1675+344
wm geometry .sigmgr._PF:1 232x582+1675+344
Mdi:Resize 1497 844
Mdi:Move 5 5
Mdi:ArrangeIcons
pf:read PF:1 v(s00_0)
# WF:1:1
Graph addsignal WF:1:1 -region new -yview real(y) -xview real(x) -tracehi 2
# Signal0
pf:read PF:1 v(s00_1)
# WF:1:2
Graph addsignal WF:1:2 -region new -yview real(y) -xview real(x) -tracehi 2
# Signal1
Graph:Select Graph0
Graph:DSel
Graph itemselect Signal1 add
# Signal1
Graph delsignal selected
Graph:DSel
pf:read PF:1 v(s00_3)
# WF:1:3
Graph addsignal WF:1:3 -region new -yview real(y) -xview real(x) -tracehi 2
# Signal2
Graph:Select Graph0
Graph:DSel
Graph itemselect Signal2 add
# Signal2
Graph:DSel
Graph itemselect Signal0 add
# Signal0
Graph delsignal selected
Graph:DSel
pf:read PF:1 v(s33_3)
# WF:1:4
Graph addsignal WF:1:4 -region new -yview real(y) -xview real(x) -tracehi 2
# Signal3
Graph:Select Graph0
Graph:DSel
Graph itemselect Signal3 add
# Signal3
Graph sigconfig {Signal3 Signal2} -region {0 0} -rgnindex {0 1}
Graph:DSel
wm geometry .sigmgr._PF:1 232x242+1675+344
wm geometry .sigmgr._PF:1 232x582+1675+344
Mdi:ArrangeIcons
Mdi:ArrangeIcons
Mdi:ArrangeIcons
Mdi:ArrangeIcons
Mdi:ArrangeIcons
Mdi:ArrangeIcons
GrXY:NewGraph
# Graph1
pf:read PF:1 v(s33_0)
# WF:1:5
Graph addsignal WF:1:5 -region new -yview real(y) -xview real(x) -tracehi 2
# Signal0
Mdi:ArrangeIcons
Mdi:ArrangeIcons
pf:read PF:1 v(s33_1)
# WF:1:6
Graph addsignal WF:1:6 -region new -yview real(y) -xview real(x) -tracehi 2
# Signal1
Mdi:ArrangeIcons
Mdi:ArrangeIcons
pf:read PF:1 v(s33_2)
# WF:1:7
Graph addsignal WF:1:7 -region new -yview real(y) -xview real(x) -tracehi 2
# Signal2
Mdi:ArrangeIcons
Mdi:ArrangeIcons
Mdi:ArrangeIcons
Mdi:ArrangeIcons
Mdi:ArrangeIcons
wm geometry . 1920x980+0+0
Mdi:ArrangeIcons
wm geometry . 1920x980+0+23
Mdi:ArrangeIcons
Mdi:ArrangeIcons
wm geometry . 1920x980+0+0
Mdi:ArrangeIcons
wm geometry . 1920x980+0+23
Mdi:ArrangeIcons
Mdi:ArrangeIcons
Mdi:ArrangeIcons
Mdi:ArrangeIcons
wm geometry . 1920x980+8+31
Mdi:ArrangeIcons
wm geometry . 1920x980+0+23
GrXY:NewGraph
# Graph2
pf:read PF:1 v(s33_5)
# WF:1:8
Graph addsignal WF:1:8 -region new -yview real(y) -xview real(x) -tracehi 2
# Signal0
Mdi:ArrangeIcons
Mdi:ArrangeIcons
pf:read PF:1 v(s00_0)
# WF:1:1
Graph addsignal WF:1:1 -region new -yview real(y) -xview real(x) -tracehi 2
# Signal1
Mdi:ArrangeIcons
Mdi:ArrangeIcons
Graph:Select Graph2
Graph:DSel
Graph itemselect Signal1 add
# Signal1
Graph sigconfig {Signal1 Signal0} -region {0 0} -rgnindex {0 1}
Mdi:ArrangeIcons
Mdi:ArrangeIcons
Mdi:Resize 1482 838
Mdi:Move 5 5
Mdi:ArrangeIcons
Mdi:ArrangeIcons
Mdi:ArrangeIcons
Mdi:ArrangeIcons
Mdi:ArrangeIcons
Mdi:ArrangeIcons
Mdi:ArrangeIcons
Mdi:ArrangeIcons
GrMeas:Delay Graph2 Signal0 Signal1 rising opposite default default default default 0.5 0.5 xyrangeAll
# M:0
Graph:DSel
GrMeas:Select Graph2 M:0 4
Graph delsignal selected
Mdi:ArrangeIcons
Mdi:ArrangeIcons
Mdi:ArrangeIcons
Mdi:ArrangeIcons
GrMeas:Delay Graph2 Signal0 Signal1 either opposite default default default default 0.5 0.5 xyrangeAll
# M:1
Graph:DSel
GrMeas:Select Graph2 M:1 6
Graph delsignal selected
Mdi:ArrangeIcons
Mdi:ArrangeIcons
Mdi:ArrangeIcons
GrMeas:Delay Graph2 Signal0 Signal1 falling opposite default default default default 0.5 0.5 xyrangeAll
# M:2
Graph:DSel
GrMeas:Select Graph2 M:2 4
GrMeas:MoveText Graph2 M:2 4 -94.0 -21.0
Graph:DSel
Graph:DSel
GrMeas:Select Graph2 M:2 4
Graph delsignal selected
Mdi:ArrangeIcons
Mdi:ArrangeIcons
GrMeas:Delay Graph2 Signal0 Signal1 falling same default default default default 0.5 0.5 xyrangeAll
# M:3
Graph:DSel
GrMeas:Select Graph2 M:3 4
Graph delsignal selected
Mdi:ArrangeIcons
Mdi:ArrangeIcons
GrMeas:Delay Graph2 Signal0 Signal1 rising same default default default default 0.5 0.5 xyrangeAll
# M:4
Mdi:ArrangeIcons
Mdi:ArrangeIcons
Mdi:ArrangeIcons
Mdi:ArrangeIcons
Mdi:ArrangeIcons
Mdi:ArrangeIcons
Mdi:ArrangeIcons
Mdi:ArrangeIcons
Mdi:ArrangeIcons
Mdi:ArrangeIcons
wm geometry . 1920x980+0+0
Mdi:ArrangeIcons
wm geometry . 1920x980+0+23
Mdi:ArrangeIcons
Mdi:ArrangeIcons
wm geometry . 1920x980+0+0
