Running: /opt/cadence/pegasus/tools.lnx86/Pegasus/bin/64bit/pegasusvirt \
  -isPegasus \
  -mode drc \
  -global_log_file /home/ece558_658_2024/cdeclercq/559/unppl_design/drc-runs/pegasusuidrc.log \
  -control /home/ece558_658_2024/cdeclercq/559/unppl_design/drc-runs/pegasusdrcctl \
  -cell_tree /home/ece558_658_2024/cdeclercq/559/unppl_design/drc-runs/cell_tree.txt \
  -layLibName systolic_array \
  -layCellName sys_arr_ppl \
  -layViewName layout \
  -igds /home/ece558_658_2024/cdeclercq/559/unppl_design/drc-runs/sys_arr_ppl.gds.gz \
  -layScale 0.0005 \
  -layTechLib gpdk045 \
  -convertPin geometryAndText \
  -replaceBusBitChar nil \
  -noConvertHalfWidthPath nil \
  -layHierDepth 32 \
  -layMaxVertices 2048 \
  -rulesFile /home/ece558_658_2024/cdeclercq/559/unppl_design/drc-runs/.technology.rul \
  -log_dir LOGS \
  -df2_version 6.1.8.0 \
  -sign IPVS_1747318287_2840775 \
  -run_dir /home/ece558_658_2024/cdeclercq/559/unppl_design/drc-runs \
  -no_rules_check



Virtuoso Framework License (111) was checked out successfully. Total checkout time was 0.01s.
*WARNING* '/home/ece558_658_2024/cdeclercq/559/unppl_design/cds.lib', Line 2, Repeat of INCLUDE of '/opt/cadence/ic618/share/cdssetup/cds.lib'.
*WARNING* '/opt/cadence/ic618/share/cdssetup/cds.lib', Line 1, Repeat of INCLUDE of '/opt/cadence/ic618/share/cdssetup/dfII/cds.lib'.
*WARNING* LIB cdsDefTechLib from File /opt/cadence/ic618/share/cdssetup/dfII/cds.lib Line 1 redefines
LIB cdsDefTechLib from the same file (defined earlier.)
*WARNING* '/opt/cadence/ic618/share/cdssetup/dfII/cds.lib', Line 2, Repeat of INCLUDE of '/opt/cadence/ic618/tools.lnx86/dfII/etc/cdsDotLibs/composer/cds.lib'.
*WARNING* LIB basic from File /opt/cadence/ic618/tools.lnx86/dfII/etc/cdsDotLibs/composer/cds.lib Line 1 redefines
LIB basic from the same file (defined earlier.)
*WARNING* LIB US_8ths from File /opt/cadence/ic618/tools.lnx86/dfII/etc/cdsDotLibs/composer/cds.lib Line 2 redefines
LIB US_8ths from the same file (defined earlier.)
*WARNING* '/opt/cadence/ic618/share/cdssetup/dfII/cds.lib', Line 3, Repeat of INCLUDE of '/opt/cadence/ic618/tools.lnx86/dfII/etc/cdsDotLibs/artist/cds.lib'.
*WARNING* LIB analogLib from File /opt/cadence/ic618/tools.lnx86/dfII/etc/cdsDotLibs/artist/cds.lib Line 1 redefines
LIB analogLib from the same file (defined earlier.)
*WARNING* LIB functional from File /opt/cadence/ic618/tools.lnx86/dfII/etc/cdsDotLibs/artist/cds.lib Line 2 redefines
LIB functional from the same file (defined earlier.)
*WARNING* '/opt/cadence/ic618/share/cdssetup/dfII/cds.lib', Line 4, Repeat of INCLUDE of '/opt/cadence/ic618/tools.lnx86/dfII/etc/cdsDotLibs/spectre/cds.lib'.
*WARNING* LIB rfLib from File /opt/cadence/ic618/tools.lnx86/dfII/etc/cdsDotLibs/spectre/cds.lib Line 6 redefines
LIB rfLib from the same file (defined earlier.)
*WARNING* LIB rfExamples from File /opt/cadence/ic618/tools.lnx86/dfII/etc/cdsDotLibs/spectre/cds.lib Line 7 redefines
LIB rfExamples from the same file (defined earlier.)
*WARNING* LIB ahdlLib from File /opt/cadence/ic618/tools.lnx86/dfII/etc/cdsDotLibs/spectre/cds.lib Line 8 redefines
LIB ahdlLib from the same file (defined earlier.)
********************************************************************************
Product   : Virtuoso(R) XStream Out
Program   : @(#)$CDS: strmout version 6.1.8-64b 10/01/2018 19:51 (ip-172-18-22-52) $
          : sub-version  IC6.1.8-64b.83 
Started at: 15-May-2025  10:11:29
User Name : cdeclercq
Host Name : vlsicad.ecs.umass.edu
Directory : /home/ece558_658_2024/cdeclercq/559/unppl_design
CADENCE Design Systems, Inc.
********************************************************************************
Info: Cellview Rev Num:99,  Tech Rev Num:59

*WARNING* LIB rfTlineLib from File /opt/cadence/ic618/tools.lnx86/dfII/etc/cdsDotLibs/spectre/cds.lib Line 9 redefines
LIB rfTlineLib from the same file (defined earlier.)
Loading gpdk045/libInit.il ...
	Loading gpdk045/loadCxt.ile ... done!
	Loading context 'gpdk045' from library 'gpdk045' ... done!
	Loading context 'pdkUtils' from library 'gpdk045' ... done!
	Loading gpdk045/gpdk045_customFilter.il ... done!
	Loading gpdk045/libInitCustomExit.il ... 
	Loading Environment Settings ...
	Loading gpdk045/gpdk045_PDKRegistrations.il ... done!

  *************************************************************           
  *              Cadence Design Systems, Inc.                 *           
  *                                                           *           
  *                    Generic 45nm PDK                       *           
  *                        (gpdk045)                          *           
  *                                                           *           
  *************************************************************           
	

	VERSION: 6.0 (09-September-2019)

done!
Loaded gpdk045/libInit.il successfully!
WARNING (XSTRM-20): Output Stream file '/home/ece558_658_2024/cdeclercq/559/unppl_design/drc-runs/sys_arr_ppl.gds.gz' already exists. It will be overwritten.
INFO (XSTRM-217): Reading the layer map file, /opt/cadence/gpdk045/gpdk045_v_6_0/gpdk045/gpdk045.layermap
INFO (XSTRM-280): The output file will be a compressed file because the file name has extension .gz
INFO (XSTRM-162): You have not used the viaMap option. If the OpenAccess design has native oaVia instances, use the -viaMap option for preserving oaVia instances in a Stream Out - Stream In round trip. Using the -viaMap option improves performance and VM usage of applications using the Streamed-In design.  For details on the viaMap option, refer to the "Design Data Translator's Reference" guide for XStream.

Summary of Options :
library                                 systolic_array
strmFile                                /home/ece558_658_2024/cdeclercq/559/unppl_design/drc-runs/sys_arr_ppl.gds.gz
topCell                                 sys_arr_ppl
view                                    layout
runDir                                  /home/ece558_658_2024/cdeclercq/559/unppl_design/drc-runs
logFile                                 /home/ece558_658_2024/cdeclercq/559/unppl_design/drc-runs/PIPO1.LOG
techLib                                 gpdk045
hierDepth                               32
maxVertices                             2048
layerMap                                /opt/cadence/gpdk045/gpdk045_v_6_0/gpdk045/gpdk045.layermap
userSkillFile                           /home/ece558_658_2024/cdeclercq/559/unppl_design/drc-runs/strmout.il
labelDepth                              32
case                                    Preserve
convertDot                              node
convertPin                              geometryAndText

INFO (XSTRM-223): 1. Translating cellView gpdk045/M2_M1/layout as STRUCTURE M2_M1_CDNS_1.
INFO (XSTRM-223): 2. Translating cellView gpdk045/M2_M1/layout as STRUCTURE M2_M1_CDNS_2.
INFO (XSTRM-223): 3. Translating cellView gpdk045/M2_M1/layout as STRUCTURE M2_M1_CDNS_3.
INFO (XSTRM-223): 4. Translating cellView gpdk045/M1_PO/layout as STRUCTURE M1_PO_CDNS_4.
INFO (XSTRM-223): 5. Translating cellView gpdk045/M1_NWELL/layout as STRUCTURE M1_NWELL_CDNS_5.
INFO (XSTRM-223): 6. Translating cellView gpdk045/M1_PSUB/layout as STRUCTURE M1_PSUB_CDNS_6.
INFO (XSTRM-223): 7. Translating cellView gpdk045/pmos1v/layout as STRUCTURE pmos1v_CDNS_7.
INFO (XSTRM-223): 8. Translating cellView gpdk045/nmos1v/layout as STRUCTURE nmos1v_CDNS_8.
INFO (XSTRM-223): 9. Translating cellView gpdk045/pmos1v/layout as STRUCTURE pmos1v_CDNS_9.
INFO (XSTRM-223): 10. Translating cellView gpdk045/nmos1v/layout as STRUCTURE nmos1v_CDNS_10.
INFO (XSTRM-223): 11. Translating cellView accumulator_bitslice/FlipFlop/layout as STRUCTURE FlipFlop.
INFO (XSTRM-317): The 'accumulator_bitslice/FlipFlop/layout' has a pathSeg with diagonal orientation, or end style as custom or chamfer at (-1215, 1190). This pathSeg will be translated as a boundary record in the GDS file during Stream Out.
INFO (XSTRM-317): The 'accumulator_bitslice/FlipFlop/layout' has a pathSeg with diagonal orientation, or end style as custom or chamfer at (1185, 1140). This pathSeg will be translated as a boundary record in the GDS file during Stream Out.
INFO (XSTRM-223): 12. Translating cellView accumulator_bitslice/XOR/layout as STRUCTURE XOR.
INFO (XSTRM-317): The 'accumulator_bitslice/XOR/layout' has a pathSeg with diagonal orientation, or end style as custom or chamfer at (2605, 2890). This pathSeg will be translated as a boundary record in the GDS file during Stream Out.
INFO (XSTRM-317): The 'accumulator_bitslice/XOR/layout' has a pathSeg with diagonal orientation, or end style as custom or chamfer at (2105, 5680). This pathSeg will be translated as a boundary record in the GDS file during Stream Out.
INFO (XSTRM-223): 13. Translating cellView lab1_virt/NAND/layout as STRUCTURE NAND.
INFO (XSTRM-223): 14. Translating cellView systolic_array/Full_Adder/layout as STRUCTURE Full_Adder.
INFO (XSTRM-223): 15. Translating cellView accumulator_bitslice/inv/layout as STRUCTURE inv.
INFO (XSTRM-223): 16. Translating cellView systolic_array/faabs/layout as STRUCTURE faabs.
INFO (XSTRM-223): 17. Translating cellView systolic_array/Half_Adder/layout as STRUCTURE Half_Adder.
INFO (XSTRM-317): The 'systolic_array/Half_Adder/layout' has a pathSeg with diagonal orientation, or end style as custom or chamfer at (1555, 2240). This pathSeg will be translated as a boundary record in the GDS file during Stream Out.
INFO (XSTRM-317): The 'systolic_array/Half_Adder/layout' has a pathSeg with diagonal orientation, or end style as custom or chamfer at (2055, -650). This pathSeg will be translated as a boundary record in the GDS file during Stream Out.
INFO (XSTRM-223): 18. Translating cellView systolic_array/AND/layout as STRUCTURE AND.
INFO (XSTRM-223): 19. Translating cellView systolic_array/Multiplier_ppl/layout as STRUCTURE Multiplier_ppl.
INFO (XSTRM-223): 20. Translating cellView systolic_array/proc_el_ppl/layout as STRUCTURE proc_el_ppl.
INFO (XSTRM-223): 21. Translating cellView systolic_array/sys_arr_ppl/layout as STRUCTURE sys_arr_ppl.

Summary of Objects Translated:
	Scalar Instances:                       143
	Array Instances:                        0
	Polygons:                               0
	Paths:                                  0
	Rectangles:                             311
	Lines:                                  0
	Arcs:                                   0
	Donuts:                                 0
	Dots:                                   0
	Ellipses:                               0
	Boundaries:                             0
	Area Blockages:                         0
	Layer Blockages:                        0
	Area Halos:                             0
	Markers:                                0
	Rows:                                   0
	Standard Vias                           824
	Custom Vias:                            0
	CdsGen Vias:                            0
	Pathsegs:                               892
	Text:                                   258
	TextDisplay:                            0
	Cells:                                  21

Elapsed Time: 0.1s   User Time: 0.1s   CPU Time: 0.0s   Peak VM: 6820KB
INFO (XSTRM-234): Translation completed. '0' error(s) and '1' warning(s) found.


Pegasus 22.20-p009 7OBTvxYo9jId0i1pvusGmw 2025-05-15 10:11:30 2848488 vlsicad.ecs.umass.edu
Copyright 2023 Cadence Design Systems, Inc.
All rights reserved worldwide.

INFO:    Command Line Options: --log_dir LOGS -top_cell sys_arr_ppl -ui_data --control /home/ece558_658_2024/cdeclercq/559/unppl_design/drc-runs/pegasusdrcctl /home/ece558_658_2024/cdeclercq/559/unppl_design/drc-runs/.technology.rul
INFO:    Launch host CPU: Model: Intel(R) Xeon(R) Silver 4216 CPU @ 2.10GHz, OS: Red Hat Enterprise Linux release 8.10 (Ootpa), Logical cores: 64, Physical cores: 32, Cache: 22528 KB, CPU Speed: 3200 MHz
         Launch host Memory: MemTotal: 257032 MB,  MemFree: 110595 MB,  SwapTotal: 4095 MB,  SwapFree: 22 MB,  VmallocTotal: 33554431 MB,  VmallocUsed: 263 MB
INFO:    Current path: /home/ece558_658_2024/cdeclercq/559/unppl_design/drc-runs
INFO:    Run directory same as current path
INFO:    Log directory: /home/ece558_658_2024/cdeclercq/559/unppl_design/drc-runs/LOGS
INFO:    Setting LAYOUT_PRIMARY to: sys_arr_ppl 
INFO:    PVL parsing results:
WARNING: In technology 'gpdk045', the rule set 'default' is not a Pegasus rule set.
It will be accepted for this run but should be changed to a pegasusRuleSet.
WARNING: LAYOUT_PATH at line 20 in file /ece558_658/pdk/verification/pvs/./pvlDRC.rul is skipped. It is set in control file.
WARNING: Cmd-line override: LAYOUT_PRIMARY "sys_arr_ppl";
WARNING: RESULTS_DB -ascii at line 22 in file /ece558_658/pdk/verification/pvs/./pvlDRC.rul is skipped. It is set in control file.
WARNING: TEXT_DEPTH at line 27 in file /ece558_658/pdk/verification/pvs/./pvlDRC.rul is skipped. It is set in control file.

INFO:    See "/home/ece558_658_2024/cdeclercq/559/unppl_design/drc-runs/LOGS/pvl.log" for additional details.

INFO:    Checking out 1 license(s) of feature: 'Pegasus_DRC' version 22.2
INFO:    License checkout successful ... 2025-05-15 10:11:35

INFO:    Checking out 1 license(s) of feature: 'Pegasus_16nm' version 22.2
INFO:    License checkout successful ... 2025-05-15 10:11:35
INFO:    Worker 0 started on host vlsicad.ecs.umass.edu with 1 cpu(s)
         CPU: Model: Intel(R) Xeon(R) Silver 4216 CPU @ 2.10GHz, OS: Red Hat Enterprise Linux release 8.10 (Ootpa), Logical cores: 64, Physical cores: 32, Cache: 22528 KB, CPU Speed: 3200 MHz
         Memory: MemTotal: 257032 MB,  MemFree: 110583 MB,  SwapTotal: 4095 MB,  SwapFree: 22 MB,  VmallocTotal: 33554431 MB,  VmallocUsed: 263 MB

INFO:    Gdsii input summary
         File name: /home/ece558_658_2024/cdeclercq/559/unppl_design/drc-runs/sys_arr_ppl.gds.gz
         File size: 20828
         Version: 5.0
         Library name: systolic_array
         Last modified: 2025-5-15 10:11:19
         Last accessed: 2025-5-15 10:11:29
         Database unit in user units: 0.0005
         Database unit in meters: 5e-10
         Magnification: 1 

INFO:    Cell Summary:
         ----------------------------------------------------------------------------
             CELL               INSTANCE    GEOMETRY      LABELS        HREF        FREF
         ----------------------------------------------------------------------------
         M2_M1_CDNS_1                  0           3           0         706       44518
         M2_M1_CDNS_2                  0           6           0          14        4992
         M2_M1_CDNS_3                  0           4           0          57       21040
         M1_PO_CDNS_4                  0           3           0          33       12544
         M1_NWELL_CDNS_5               0           8           0           6        2544
         M1_PSUB_CDNS_6                0           7           0           8        3152
         pmos1v_CDNS_7                 0          21           4          14        4992
         nmos1v_CDNS_8                 0          16           4          16        7264
         pmos1v_CDNS_9                 0          17           4          11        4512
         nmos1v_CDNS_10                0          14           4           9        2240
         FlipFlop                     46          45           5          31         608
         NAND                         19          19           5          10        1040
         XOR                          60          64           5           2         544
         Full_Adder                   21          41           7          10         272
         inv                          12          11           4           1         128
         faabs                        23          48           8           8         128
         Half_Adder                   79          80           6           4          64
         AND                          29          24           5          10         160
         Multiplier_ppl              452         520          19           1          16
         proc_el_ppl                 204         246          29          16          16
         sys_arr_ppl                  22           3         165           1           1
         ----------------------------------------------------------------------------
         TOTAL CELL = 21;  INSTANCE = 967;  GEOMETRY = 1200;  LABEL = 274

INFO:    Layer Summary:
         ----------------------------------------------------------------------------
             LAYER                              ID       HPN      HTC        FPN       FTC
         ----------------------------------------------------------------------------
         Bondpad                              1000         0         0         0         0
         CapMetal                             1001         0         0         0         0
         Cont                                 1002        27         0    126848         0
         ESDdummy                             1003         0         0         0         0
         INDdummy                             1004         0         0         0         0
         M1Resdum                             1005         0         0         0         0
         M2Resdum                             1006         0         0         0         0
         M3Resdum                             1007         0         0         0         0
         M4Resdum                             1008         0         0         0         0
         M5Resdum                             1009         0         0         0         0
         M6Resdum                             1010         0         0         0         0
         M7Resdum                             1011         0         0         0         0
         M8Resdum                             1012         0         0         0         0
         M9Resdum                             1013         0         0         0         0
         M10Resdum                            1014         0         0         0         0
         M11Resdum                            1015         0         0         0         0
         Metal1                               1016       572         0    183974         0
         Metal2                               1017       455         0    111625         0
         Metal3                               1018         0         0         0         0
         Metal4                               1019         0         0         0         0
         Metal5                               1020         0         0         0         0
         Metal6                               1021         0         0         0         0
         Metal7                               1022         0         0         0         0
         Metal8                               1023         0         0         0         0
         Metal9                               1024         0         0         0         0
         Metal10                              1025         0         0         0         0
         Metal11                              1026         0         0         0         0
         NPNdummy                             1027         0         0         0         0
         Nburied                              1028         0         0         0         0
         Nhvt                                 1029         0         0         0         0
         Nimp                                 1030         5         0     21552         0
         Nlvt                                 1031         0         0         0         0
         Nwell                                1032        42         0     15600         0
         Nzvt                                 1033         0         0         0         0
         Oxide                                1034        14         0     62720         0
         Oxide_thk                            1035         0         0         0         0
         PNPdummy                             1036         0         0         0         0
         Phvt                                 1037         0         0         0         0
         Pimp                                 1038         5         0     22160         0
         Plvt                                 1039         0         0         0         0
         Poly                                 1040        73         0    127648         0
         Psub                                 1041         0         0         0         0
         ResWdum                              1042         0         0         0         0
         Resdum                               1043         0         0         0         0
         SiProt                               1044         0         0         0         0
         Via1                                 1045         7         0    106566         0
         Via2                                 1046         0         0         0         0
         Via3                                 1047         0         0         0         0
         Via4                                 1048         0         0         0         0
         Via5                                 1049         0         0         0         0
         Via6                                 1050         0         0         0         0
         Via7                                 1051         0         0         0         0
         Via8                                 1052         0         0         0         0
         Via9                                 1053         0         0         0         0
         Via10                                1054         0         0         0         0
         metal1_conn_text                     1055         0       238         0     53877
         metal2_conn_text                     1056         0        28         0       656
         metal3_conn_text                     1057         0         0         0         0
         metal4_conn_text                     1058         0         0         0         0
         metal5_conn_text                     1059         0         0         0         0
         metal6_conn_text                     1060         0         0         0         0
         metal7_conn_text                     1061         0         0         0         0
         metal8_conn_text                     1062         0         0         0         0
         metal9_conn_text                     1063         0         0         0         0
         metal10_conn_text                    1064         0         0         0         0
         metal11_conn_text                    1065         0         0         0         0
         poly_conn_text                       1066         0         8         0     38016
         ----------------------------------------------------------------------------

INFO:    CHIP EXTENT: -54450 -387070 294530 49020


INFO:    Ports ...
         ========================================================================

INFO:    Texts For Connectivity ...
         ========================================================================
         VDD (-25.355, 22.845) 1055 sys_arr_ppl
         S33_7 (146.050, -193.185) 1055 sys_arr_ppl
         S33_6 (146.055, -191.570) 1055 sys_arr_ppl
         S33_5 (146.065, -184.715) 1055 sys_arr_ppl
         S33_4 (146.065, -177.675) 1055 sys_arr_ppl
         S33_3 (146.060, -170.640) 1055 sys_arr_ppl
         S33_2 (146.075, -163.595) 1055 sys_arr_ppl
         S33_1 (146.260, -156.185) 1055 sys_arr_ppl
         S33_0 (146.090, -149.505) 1055 sys_arr_ppl
         S32_7 (146.050, -138.675) 1055 sys_arr_ppl
         S32_6 (146.055, -137.260) 1055 sys_arr_ppl
         S32_5 (146.070, -130.210) 1055 sys_arr_ppl
         S32_4 (146.090, -122.885) 1055 sys_arr_ppl
         S32_3 (146.070, -116.130) 1055 sys_arr_ppl
         S32_2 (146.080, -109.080) 1055 sys_arr_ppl
         S32_1 (146.070, -102.040) 1055 sys_arr_ppl
         S32_0 (146.085, -94.995) 1055 sys_arr_ppl
         S31_7 (146.065, -84.185) 1055 sys_arr_ppl
         S31_6 (146.070, -82.765) 1055 sys_arr_ppl
         S31_5 (146.080, -75.720) 1055 sys_arr_ppl
         S31_4 (146.080, -68.675) 1055 sys_arr_ppl
         S31_3 (146.075, -61.630) 1055 sys_arr_ppl
         S31_2 (146.080, -54.590) 1055 sys_arr_ppl
         S31_1 (146.085, -47.545) 1055 sys_arr_ppl
         S31_0 (146.080, -40.500) 1055 sys_arr_ppl
         S30_7 (146.055, -29.670) 1055 sys_arr_ppl
         S30_6 (146.065, -28.250) 1055 sys_arr_ppl
         S30_5 (146.075, -21.210) 1055 sys_arr_ppl
         S30_4 (146.070, -14.165) 1055 sys_arr_ppl
         S30_3 (146.075, -7.115) 1055 sys_arr_ppl
         S30_2 (146.100, -0.080) 1055 sys_arr_ppl
         S30_1 (146.085, 6.965) 1055 sys_arr_ppl
         S30_0 (146.095, 14.015) 1055 sys_arr_ppl
         S23_7 (102.435, -193.190) 1055 sys_arr_ppl
         S23_6 (102.445, -191.765) 1055 sys_arr_ppl
         S23_5 (102.450, -184.720) 1055 sys_arr_ppl
         S23_4 (102.455, -177.680) 1055 sys_arr_ppl
         S23_3 (102.450, -170.640) 1055 sys_arr_ppl
         S23_2 (102.465, -163.590) 1055 sys_arr_ppl
         S23_1 (102.465, -156.545) 1055 sys_arr_ppl
         S23_0 (102.470, -149.505) 1055 sys_arr_ppl
         S22_7 (102.435, -138.680) 1055 sys_arr_ppl
         S22_6 (102.450, -137.260) 1055 sys_arr_ppl
         S22_5 (102.445, -130.205) 1055 sys_arr_ppl
         S22_4 (102.450, -123.160) 1055 sys_arr_ppl
         S22_3 (102.450, -116.125) 1055 sys_arr_ppl
         S22_2 (102.465, -109.080) 1055 sys_arr_ppl
         S22_1 (102.465, -102.040) 1055 sys_arr_ppl
         S22_0 (102.475, -94.995) 1055 sys_arr_ppl
         S21_7 (102.455, -84.175) 1055 sys_arr_ppl
         S21_6 (102.465, -82.755) 1055 sys_arr_ppl
         S21_5 (102.440, -75.720) 1055 sys_arr_ppl
         S21_4 (102.450, -68.670) 1055 sys_arr_ppl
         S21_3 (102.475, -61.630) 1055 sys_arr_ppl
         S21_2 (102.480, -54.040) 1055 sys_arr_ppl
         S21_1 (102.475, -47.545) 1055 sys_arr_ppl
         S21_0 (102.480, -40.500) 1055 sys_arr_ppl
         S20_7 (102.450, -29.670) 1055 sys_arr_ppl
         S20_6 (102.455, -28.250) 1055 sys_arr_ppl
         S20_5 (102.450, -21.205) 1055 sys_arr_ppl
         S20_4 (102.455, -14.165) 1055 sys_arr_ppl
         S20_3 (102.460, -7.120) 1055 sys_arr_ppl
         S20_2 (102.480, -0.080) 1055 sys_arr_ppl
         S20_1 (102.475, 6.965) 1055 sys_arr_ppl
         S20_0 (102.475, 14.005) 1055 sys_arr_ppl
         S13_7 (58.825, -193.185) 1055 sys_arr_ppl
         S13_6 (58.835, -191.765) 1055 sys_arr_ppl
         S13_5 (58.840, -184.450) 1055 sys_arr_ppl
         S13_4 (58.840, -177.675) 1055 sys_arr_ppl
         S13_3 (58.835, -170.640) 1055 sys_arr_ppl
         S13_2 (58.855, -163.590) 1055 sys_arr_ppl
         S13_1 (58.850, -156.545) 1055 sys_arr_ppl
         S13_0 (58.865, -149.505) 1055 sys_arr_ppl
         S12_7 (58.825, -138.675) 1055 sys_arr_ppl
         S12_6 (58.835, -137.255) 1055 sys_arr_ppl
         S12_5 (58.840, -130.210) 1055 sys_arr_ppl
         S12_4 (58.840, -123.170) 1055 sys_arr_ppl
         S12_3 (58.840, -116.120) 1055 sys_arr_ppl
         S12_2 (58.845, -109.080) 1055 sys_arr_ppl
         S12_1 (58.845, -102.035) 1055 sys_arr_ppl
         S12_0 (58.855, -94.990) 1055 sys_arr_ppl
         S11_7 (58.830, -84.180) 1055 sys_arr_ppl
         S11_6 (58.840, -82.760) 1055 sys_arr_ppl
         S11_5 (58.845, -75.710) 1055 sys_arr_ppl
         S11_4 (58.845, -68.670) 1055 sys_arr_ppl
         S11_3 (58.840, -61.625) 1055 sys_arr_ppl
         S11_2 (58.840, -54.585) 1055 sys_arr_ppl
         S11_1 (58.840, -47.540) 1055 sys_arr_ppl
         S11_0 (58.870, -40.500) 1055 sys_arr_ppl
         S11_0 (38.212, -28.970) 1055 sys_arr_ppl
         S10_7 (58.840, -29.670) 1055 sys_arr_ppl
         S10_6 (58.860, -28.255) 1055 sys_arr_ppl
         S10_5 (58.865, -21.210) 1055 sys_arr_ppl
         S10_4 (58.855, -14.160) 1055 sys_arr_ppl
         S10_3 (58.855, -7.120) 1055 sys_arr_ppl
         S10_2 (58.865, -0.075) 1055 sys_arr_ppl
         S10_1 (58.870, 6.970) 1055 sys_arr_ppl
         S10_0 (58.875, 14.005) 1055 sys_arr_ppl
         S03_7 (15.205, -193.185) 1055 sys_arr_ppl
         S03_6 (15.220, -191.765) 1055 sys_arr_ppl
         S03_5 (15.220, -184.720) 1055 sys_arr_ppl
         S03_4 (15.220, -177.670) 1055 sys_arr_ppl
         S03_3 (15.215, -170.640) 1055 sys_arr_ppl
         S03_2 (15.220, -163.595) 1055 sys_arr_ppl
         S03_1 (15.235, -156.550) 1055 sys_arr_ppl
         S03_0 (15.230, -149.505) 1055 sys_arr_ppl
         S02_7 (15.205, -138.680) 1055 sys_arr_ppl
         S02_6 (15.215, -137.250) 1055 sys_arr_ppl
         S02_5 (15.220, -130.205) 1055 sys_arr_ppl
         S02_4 (15.220, -123.170) 1055 sys_arr_ppl
         S02_3 (15.205, -116.130) 1055 sys_arr_ppl
         S02_2 (15.215, -109.080) 1055 sys_arr_ppl
         S02_1 (15.240, -102.035) 1055 sys_arr_ppl
         S02_0 (15.230, -94.995) 1055 sys_arr_ppl
         S01_7 (15.210, -84.185) 1055 sys_arr_ppl
         S01_6 (15.205, -82.130) 1055 sys_arr_ppl
         S01_5 (15.220, -75.720) 1055 sys_arr_ppl
         S01_4 (15.220, -68.670) 1055 sys_arr_ppl
         S01_3 (15.225, -61.635) 1055 sys_arr_ppl
         S01_2 (15.225, -54.585) 1055 sys_arr_ppl
         S01_1 (15.225, -47.540) 1055 sys_arr_ppl
         S01_0 (15.245, -40.500) 1055 sys_arr_ppl
         S00_7 (15.235, -29.670) 1055 sys_arr_ppl
         S00_6 (15.250, -28.255) 1055 sys_arr_ppl
         S00_5 (15.250, -21.205) 1055 sys_arr_ppl
         S00_4 (15.250, -14.165) 1055 sys_arr_ppl
         S00_3 (15.245, -7.125) 1055 sys_arr_ppl
         S00_2 (15.250, -0.085) 1055 sys_arr_ppl
         S00_1 (15.245, 6.965) 1055 sys_arr_ppl
         S00_0 (15.245, 14.010) 1055 sys_arr_ppl
         RST (-27.135, -29.840) 1055 sys_arr_ppl
         PHI (-27.165, 24.315) 1055 sys_arr_ppl
         GND (-25.350, 21.195) 1055 sys_arr_ppl
         A03_3 (-27.130, -139.595) 1055 sys_arr_ppl
         A03_2 (-27.125, -139.795) 1055 sys_arr_ppl
         A03_1 (-27.125, -139.995) 1055 sys_arr_ppl
         A03_0 (-27.135, -140.195) 1055 sys_arr_ppl
         A02_3 (-27.135, -85.085) 1055 sys_arr_ppl
         A02_2 (-27.125, -85.280) 1055 sys_arr_ppl
         A02_1 (-27.135, -85.480) 1055 sys_arr_ppl
         A02_0 (-27.140, -85.685) 1055 sys_arr_ppl
         A01_3 (-27.130, -30.590) 1055 sys_arr_ppl
         A01_2 (-27.130, -30.790) 1055 sys_arr_ppl
         A01_1 (-27.140, -30.985) 1055 sys_arr_ppl
         A01_0 (-27.145, -31.190) 1055 sys_arr_ppl
         A00_3 (-27.155, 23.920) 1055 sys_arr_ppl
         A00_2 (-27.150, 23.720) 1055 sys_arr_ppl
         A00_1 (-27.145, 23.520) 1055 sys_arr_ppl
         A00_0 (-27.140, 23.320) 1055 sys_arr_ppl
         B30_3 (103.880, 24.390) 1056 sys_arr_ppl
         B30_2 (104.030, 24.390) 1056 sys_arr_ppl
         B30_1 (104.180, 24.390) 1056 sys_arr_ppl
         B30_0 (104.335, 24.385) 1056 sys_arr_ppl
         B20_3 (60.265, 24.385) 1056 sys_arr_ppl
         B20_2 (60.415, 24.390) 1056 sys_arr_ppl
         B20_1 (60.570, 24.395) 1056 sys_arr_ppl
         B20_0 (60.725, 24.385) 1056 sys_arr_ppl
         B10_3 (16.650, 24.400) 1056 sys_arr_ppl
         B10_2 (16.795, 24.390) 1056 sys_arr_ppl
         B10_1 (16.955, 24.395) 1056 sys_arr_ppl
         B10_0 (17.105, 24.390) 1056 sys_arr_ppl
         B00_3 (-26.960, 24.395) 1056 sys_arr_ppl
         B00_2 (-26.810, 24.390) 1056 sys_arr_ppl
         B00_1 (-26.670, 24.390) 1056 sys_arr_ppl
         B00_0 (-26.515, 24.395) 1056 sys_arr_ppl
         VDD (-19.780, 24.230) 1055 proc_el_ppl
         S7 (20.846, -28.287) 1055 proc_el_ppl
         S6 (20.858, -26.863) 1055 proc_el_ppl
         S5 (20.863, -19.814) 1055 proc_el_ppl
         S4 (20.863, -12.771) 1055 proc_el_ppl
         S3 (20.863, -5.728) 1055 proc_el_ppl
         S2 (20.875, 1.312) 1055 proc_el_ppl
         S1 (20.877, 8.351) 1055 proc_el_ppl
         S0 (20.877, 15.391) 1055 proc_el_ppl
         RSTP (21.880, -28.455) 1055 proc_el_ppl
         RST (-21.565, -28.455) 1055 proc_el_ppl
         PHI (-21.595, 25.700) 1055 proc_el_ppl
         GND (-19.780, 22.580) 1055 proc_el_ppl
         A3P (21.890, 25.305) 1055 proc_el_ppl
         A3 (-21.590, 25.305) 1055 proc_el_ppl
         A2P (21.895, 25.105) 1055 proc_el_ppl
         A2 (-21.590, 25.110) 1055 proc_el_ppl
         A1P (21.895, 24.905) 1055 proc_el_ppl
         A1 (-21.600, 24.905) 1055 proc_el_ppl
         A0P (21.890, 24.705) 1055 proc_el_ppl
         A0 (-21.600, 24.705) 1055 proc_el_ppl
         B3P (-21.390, -28.505) 1056 proc_el_ppl
         B3 (-21.395, 25.860) 1056 proc_el_ppl
         B2P (-21.240, -28.505) 1056 proc_el_ppl
         B2 (-21.245, 25.860) 1056 proc_el_ppl
         B1P (-21.090, -28.500) 1056 proc_el_ppl
         B1 (-21.095, 25.860) 1056 proc_el_ppl
         B0P (-20.940, -28.505) 1056 proc_el_ppl
         B0 (-20.945, 25.855) 1056 proc_el_ppl
         VDD (-14.275, 20.575) 1055 Multiplier_ppl
         PHI (-15.335, 22.045) 1055 Multiplier_ppl
         P7 (13.215, -23.420) 1055 Multiplier_ppl
         P6 (13.210, -23.215) 1055 Multiplier_ppl
         P5 (13.210, -23.060) 1055 Multiplier_ppl
         P4 (13.210, -22.905) 1055 Multiplier_ppl
         P3 (13.210, -22.750) 1055 Multiplier_ppl
         P2 (13.215, -9.560) 1055 Multiplier_ppl
         P1 (13.220, 4.955) 1055 Multiplier_ppl
         P0 (13.210, 18.135) 1055 Multiplier_ppl
         GND (-14.270, 18.925) 1055 Multiplier_ppl
         B3 (-15.345, -7.890) 1055 Multiplier_ppl
         B2 (-15.345, 6.875) 1055 Multiplier_ppl
         B1 (-15.345, 17.790) 1055 Multiplier_ppl
         B0 (-15.335, 20.850) 1055 Multiplier_ppl
         A3 (-15.340, 21.650) 1055 Multiplier_ppl
         A2 (-15.340, 21.450) 1055 Multiplier_ppl
         A1 (-15.340, 21.250) 1055 Multiplier_ppl
         A0 (-15.330, 21.050) 1055 Multiplier_ppl
         Y (0.635, 0.850) 1055 AND
         VDD (-1.355, 1.925) 1055 AND
         GND (-1.355, 0.275) 1055 AND
         B (-1.415, 0.860) 1055 AND
         A (-1.420, 1.230) 1055 AND
         VDD (-1.660, 0.570) 1055 Half_Adder
         SUM (2.665, -0.420) 1055 Half_Adder
         GND (-1.655, 2.455) 1055 Half_Adder
         COUT (2.645, 1.790) 1055 Half_Adder
         B (-1.730, -0.395) 1055 Half_Adder
         A (-1.715, -0.750) 1055 Half_Adder
         VDD (-6.590, 4.720) 1055 faabs
         SOUT (3.875, 0.610) 1055 faabs
         GND (-6.590, 6.265) 1055 faabs
         A (-6.635, 3.415) 1055 faabs
         RST (0.120, 6.470) 1056 faabs
         PHI (0.280, 6.470) 1056 faabs
         COUT (-6.240, -0.680) 1056 faabs
         CIN (-6.235, 6.460) 1056 faabs
         Y (0.490, 0.400) 1055 inv
         VDD (-0.475, 1.430) 1055 inv
         GND (-0.465, -0.125) 1055 inv
         A (-0.520, 0.635) 1055 inv
         VDD (-4.685, 4.420) 1055 Full_Adder
         SUM (1.725, 3.445) 1055 Full_Adder
         GND (-4.685, 5.965) 1055 Full_Adder
         COUT (1.705, 0.550) 1055 Full_Adder
         CIN (-4.715, 1.700) 1055 Full_Adder
         B (-4.740, 3.475) 1055 Full_Adder
         A (-4.730, 3.115) 1055 Full_Adder
         Y (1.660, 1.350) 1055 XOR
         VDD (-1.395, 2.325) 1055 XOR
         GND (-1.395, 3.870) 1055 XOR
         B (-1.450, 1.380) 1055 XOR
         A (-1.440, 1.020) 1055 XOR
         Y (0.085, 0.340) 1055 NAND
         VDD (-1.000, 1.235) 1055 NAND
         GND (-1.000, -0.425) 1055 NAND
         B (-1.045, 0.155) 1055 NAND
         A (-1.040, 0.525) 1055 NAND
         Y (1.530, 1.045) 1055 FlipFlop
         VDD (-1.475, 2.270) 1055 FlipFlop
         PHI (-1.505, 1.285) 1055 FlipFlop
         GND (-1.475, 0.010) 1055 FlipFlop
         A (-1.545, 0.855) 1055 FlipFlop
         S_source_0 (-0.080, 0.060) 1055 nmos1v_CDNS_10
         D_drain_1 (0.125, 0.060) 1055 nmos1v_CDNS_10
         G_gate_1 (0.022, 0.195) 1066 nmos1v_CDNS_10
         G_gate_1 (0.022, -0.075) 1066 nmos1v_CDNS_10
         S_source_0 (-0.080, 0.120) 1055 pmos1v_CDNS_9
         D_drain_1 (0.125, 0.120) 1055 pmos1v_CDNS_9
         G_gate_1 (0.022, 0.315) 1066 pmos1v_CDNS_9
         G_gate_1 (0.022, -0.075) 1066 pmos1v_CDNS_9
         S_source_0 (-0.080, 0.120) 1055 nmos1v_CDNS_8
         D_drain_1 (0.125, 0.120) 1055 nmos1v_CDNS_8
         G_gate_1 (0.022, 0.315) 1066 nmos1v_CDNS_8
         G_gate_1 (0.022, -0.075) 1066 nmos1v_CDNS_8
         S_source_0 (-0.080, 0.240) 1055 pmos1v_CDNS_7
         D_drain_1 (0.125, 0.240) 1055 pmos1v_CDNS_7
         G_gate_1 (0.022, 0.555) 1066 pmos1v_CDNS_7
         G_gate_1 (0.022, -0.075) 1066 pmos1v_CDNS_7

INFO:    Texts For SELECT -LABEL ...
         ========================================================================

INFO:    Texts For EXPAND_TEXT_ORIGIN ...
         ========================================================================

INFO:    Texts For DFM_TEXT ...
         ========================================================================

INFO:    Layer Summary(Texts For Connectivity):
         ----------------------------------------------------------------------------
             LAYER                              ID       TEXTS
         ----------------------------------------------------------------------------
         metal1_conn_text                     1055       238
         metal2_conn_text                     1056        28
         poly_conn_text                       1066         8
         ----------------------------------------------------------------------------

INFO:    Layer Summary(Texts For SELECT -LABEL):
         ----------------------------------------------------------------------------
             LAYER                              ID       TEXTS
         ----------------------------------------------------------------------------
         ----------------------------------------------------------------------------

INFO:    Layer Summary(Texts For EXPAND_TEXT_ORIGIN):
         ----------------------------------------------------------------------------
             LAYER                              ID       TEXTS
         ----------------------------------------------------------------------------
         ----------------------------------------------------------------------------

INFO:    Layer Summary(Texts For DFM_TEXT):
         ----------------------------------------------------------------------------
             LAYER                              ID       TEXTS
         ----------------------------------------------------------------------------
         ----------------------------------------------------------------------------

INFO:    Expanded Cell Summary
         Multiplier_ppl is expanded.
         M2_M1_CDNS_1 is expanded.
         M2_M1_CDNS_2 is expanded.
         M2_M1_CDNS_3 is expanded.
         M1_PO_CDNS_4 is expanded.
         M1_NWELL_CDNS_5 is expanded.
         M1_PSUB_CDNS_6 is expanded.
         pmos1v_CDNS_7 is expanded.
         nmos1v_CDNS_8 is expanded.
         pmos1v_CDNS_9 is expanded.
         nmos1v_CDNS_10 is expanded.
         inv is expanded.
INFO:    Rule offgrid_check completed with no violations, 1/576
INFO:    Rule ortho_45_check completed with no violations, 2/576
INFO:    Rule acute_check completed with no violations, 3/576
INFO:    Rule NZVT.X.4 completed with no violations, 4/576
INFO:    Rule BONDPAD.L.1 completed with no violations, 5/576
INFO:    Rule NBL.X.1 completed with no violations, 6/576
INFO:    Rule NHVT.X.1 completed with no violations, 7/576
INFO:    Rule NLVT.X.1 completed with no violations, 8/576
INFO:    Rule PHVT.X.1 completed with no violations, 9/576
INFO:    Rule PLVT.X.1 completed with no violations, 10/576
INFO:    Rule NZVT.O.1 completed with no violations, 11/576
INFO:    Rule VIAk.X.3_VIAk.X.4 completed with no violations, 12/576
INFO:    Rule VIAk.X.3_VIAk.X.4_2 completed with no violations, 13/576
INFO:    Rule VIAk.X.3_VIAk.X.4_3 completed with no violations, 14/576
INFO:    Rule VIAk.X.3_VIAk.X.4_4 completed with no violations, 15/576
INFO:    Rule POLY.SE.3 completed with no violations, 16/576
INFO:    Rule VIA1.E.3 completed with no violations, 17/576
INFO:    Rule VIA2.E.3 completed with no violations, 18/576
INFO:    Rule VIA3.E.3 completed with no violations, 19/576
INFO:    Rule VIA4.E.3 completed with no violations, 20/576
INFO:    Rule VIA5.E.3 completed with no violations, 21/576
INFO:    Rule VIA6.E.3 completed with no violations, 22/576
INFO:    Rule VIA7.E.3 completed with no violations, 23/576
INFO:    Rule VIA8.E.3 completed with no violations, 24/576
INFO:    Rule BONDPAD.SP.5 completed with no violations, 25/576
INFO:    Rule BONDPAD.W.4 completed with no violations, 26/576
INFO:    Rule BONDPAD.R.1 completed with no violations, 27/576
INFO:    Rule BONDPAD.SP.5_2 completed with no violations, 28/576
INFO:    Rule BONDPAD.W.4_2 completed with no violations, 29/576
INFO:    Rule BONDPAD.R.1_2 completed with no violations, 30/576
INFO:    Rule BONDPAD.SP.5_3 completed with no violations, 31/576
INFO:    Rule BONDPAD.W.4_3 completed with no violations, 32/576
INFO:    Rule BONDPAD.R.1_3 completed with no violations, 33/576
INFO:    Rule BONDPAD.SP.5_4 completed with no violations, 34/576
INFO:    Rule BONDPAD.W.4_4 completed with no violations, 35/576
INFO:    Rule BONDPAD.R.1_4 completed with no violations, 36/576
INFO:    Rule BONDPAD.SP.5_5 completed with no violations, 37/576
INFO:    Rule BONDPAD.W.4_5 completed with no violations, 38/576
INFO:    Rule BONDPAD.R.1_5 completed with no violations, 39/576
INFO:    Rule BONDPAD.SP.5_6 completed with no violations, 40/576
INFO:    Rule BONDPAD.W.4_6 completed with no violations, 41/576
INFO:    Rule BONDPAD.R.1_6 completed with no violations, 42/576
INFO:    Rule BONDPAD.SP.5_7 completed with no violations, 43/576
INFO:    Rule BONDPAD.W.4_7 completed with no violations, 44/576
INFO:    Rule BONDPAD.R.1_7 completed with no violations, 45/576
INFO:    Rule BONDPAD.SP.5_8 completed with no violations, 46/576
INFO:    Rule BONDPAD.W.4_8 completed with no violations, 47/576
INFO:    Rule BONDPAD.R.1_8 completed with no violations, 48/576
INFO:    Rule BONDPAD.SP.5_9 completed with no violations, 49/576
INFO:    Rule BONDPAD.W.4_9 completed with no violations, 50/576
INFO:    Rule BONDPAD.R.2 completed with no violations, 51/576
INFO:    Rule BONDPAD.SP.5_10 completed with no violations, 52/576
INFO:    Rule BONDPAD.W.4_10 completed with no violations, 53/576
INFO:    Rule BONDPAD.R.2_2 completed with no violations, 54/576
INFO:    Rule OXIDE.L.1_OXIDE.L.2 completed with no violations, 55/576
INFO:    Rule BONDPAD.W.5 completed with no violations, 56/576
INFO:    Rule BONDPAD.W.5_2 completed with no violations, 57/576
INFO:    Rule BONDPAD.W.5_3 completed with no violations, 58/576
INFO:    Rule BONDPAD.W.5_4 completed with no violations, 59/576
INFO:    Rule BONDPAD.W.5_5 completed with no violations, 60/576
INFO:    Rule BONDPAD.W.5_6 completed with no violations, 61/576
INFO:    Rule BONDPAD.W.5_7 completed with no violations, 62/576
INFO:    Rule BONDPAD.W.5_8 completed with no violations, 63/576
INFO:    Rule BONDPAD.W.5_9 completed with no violations, 64/576
INFO:    Rule BONDPAD.W.5_10 completed with no violations, 65/576
INFO:    Rule VIA1.X.1 completed with no violations, 66/576
INFO:    Rule VIA2.X.1 completed with no violations, 67/576
INFO:    Rule VIA3.X.1 completed with no violations, 68/576
INFO:    Rule VIA4.X.1 completed with no violations, 69/576
INFO:    Rule VIA5.X.1 completed with no violations, 70/576
INFO:    Rule VIA6.X.1 completed with no violations, 71/576
INFO:    Rule VIA7.X.1 completed with no violations, 72/576
INFO:    Rule VIA8.X.1 completed with no violations, 73/576
INFO:    Rule BONDPAD.B.1A completed with no violations, 74/576
INFO:    Rule BONDPAD.B.1A_2 completed with no violations, 75/576
INFO:    Rule BONDPAD.B.1A_3 completed with no violations, 76/576
INFO:    Rule BONDPAD.B.1A_4 completed with no violations, 77/576
INFO:    Rule BONDPAD.B.1A_5 completed with no violations, 78/576
INFO:    Rule BONDPAD.B.1A_6 completed with no violations, 79/576
INFO:    Rule BONDPAD.B.1A_7 completed with no violations, 80/576
INFO:    Rule BONDPAD.B.1A_8 completed with no violations, 81/576
INFO:    Rule BONDPAD.B.1A_9 completed with no violations, 82/576
INFO:    Rule BONDPAD.B.1A_10 completed with no violations, 83/576
INFO:    Rule BONDPAD.B.1A_11 completed with no violations, 84/576
INFO:    Rule soft_check_3 completed with no violations, 85/576
INFO:    Rule soft_check_6 completed with no violations, 86/576
INFO:    Rule soft_check_9 completed with no violations, 87/576
INFO:    Rule soft_check_12 completed with no violations, 88/576
INFO:    Rule soft_check_15 completed with no violations, 89/576
INFO:    Rule soft_check_18 completed with no violations, 90/576
INFO:    Rule NBL.W.1 completed with no violations, 91/576
INFO:    Rule NBL.E.1 completed with no violations, 92/576
INFO:    Rule NBL.SP.1 completed with no violations, 93/576
INFO:    Rule NBL.SE.1 completed with no violations, 94/576
INFO:    Rule NBL.SE.2 completed with no violations, 95/576
INFO:    Rule NBL.SE.3 completed with no violations, 96/576
INFO:    Rule NBL.SE.4 completed with no violations, 97/576
INFO:    Rule NW.SP.2 completed with no violations, 98/576
INFO:    Rule NW.SP.2_2 completed with no violations, 99/576
INFO:    Rule NW.W.1 completed with no violations, 100/576
INFO:    Rule NW.SE.2 completed with no violations, 101/576
INFO:    Rule NW.SE.1 completed with no violations, 102/576
INFO:    Rule NW.SE.3 completed with no violations, 103/576
INFO:    Rule NW.SE.4 completed with no violations, 104/576
INFO:    Rule NW.E.1 completed with no violations, 105/576
INFO:    Rule NW.E.2 completed with no violations, 106/576
INFO:    Rule NW.E.3 completed with no violations, 107/576
INFO:    Rule NW.E.4 completed with no violations, 108/576
INFO:    Rule NW.A.1 completed with no violations, 109/576
INFO:    Rule NW.EA.1 completed with no violations, 110/576
INFO:    Rule NWR.SE.1 completed with no violations, 111/576
INFO:    Rule NWR.E.1 completed with no violations, 112/576
INFO:    Rule NWR.E.2 completed with no violations, 113/576
INFO:    Rule NWR.X.1 completed with no violations, 114/576
INFO:    Rule NWR.O.1 completed with no violations, 115/576
INFO:    Rule OXIDE.W.1 completed with no violations, 116/576
INFO:    Rule OXIDE.W.2.1.1 completed with no violations, 117/576
INFO:    Rule OXIDE.W.2.1.2 completed with no violations, 118/576
INFO:    Rule OXIDE.W.2.2.1 completed with no violations, 119/576
INFO:    Rule OXIDE.W.2.2.2 completed with no violations, 120/576
INFO:    Rule OXIDE.W.3 completed with no violations, 121/576
INFO:    Rule OXIDE.SP.1 completed with no violations, 122/576
INFO:    Rule OXIDE.SP.2 completed with no violations, 123/576
INFO:    Rule OXIDE.SP.3 completed with no violations, 124/576
INFO:    Rule OXIDE.SE.1 completed with no violations, 125/576
INFO:    Rule OXIDE.SP.4 completed with no violations, 126/576
INFO:    Rule OXIDE.A.1 completed with no violations, 127/576
INFO:    Rule OXIDE.EA.1 completed with no violations, 128/576
INFO:    Rule OXIDE.X.1 completed with no violations, 129/576
INFO:    Rule OXIDER.SE.2 completed with no violations, 130/576
INFO:    Rule OXIDER.SE.2_2 completed with no violations, 131/576
INFO:    Rule OXIDER.E.1 completed with no violations, 132/576
INFO:    Rule OXIDER.X.1 completed with no violations, 133/576
INFO:    Rule OXIDETHK.W.1 completed with no violations, 134/576
INFO:    Rule OXIDETHK.SP.1 completed with no violations, 135/576
INFO:    Rule OXIDETHK.SP.2 completed with no violations, 136/576
INFO:    Rule OXIDETHK.SE.1 completed with no violations, 137/576
INFO:    Rule OXIDETHK.SE.2 completed with no violations, 138/576
INFO:    Rule OXIDETHK.SE.3 completed with no violations, 139/576
INFO:    Rule OXIDETHK.E.1 completed with no violations, 140/576
INFO:    Rule OXIDETHK.SE.5 completed with no violations, 141/576
INFO:    Rule OXIDETHK.E.2 completed with no violations, 142/576
INFO:    Rule NHVT.W.1 completed with no violations, 143/576
INFO:    Rule NHVT.SP.1 completed with no violations, 144/576
INFO:    Rule NHVT.X.2 completed with no violations, 145/576
INFO:    Rule NHVT.X.3 completed with no violations, 146/576
INFO:    Rule NHVT.X.4 completed with no violations, 147/576
INFO:    Rule PHVT.W.1 completed with no violations, 148/576
INFO:    Rule PHVT.SP.1 completed with no violations, 149/576
INFO:    Rule PHVT.X.2 completed with no violations, 150/576
INFO:    Rule PHVT.X.3 completed with no violations, 151/576
INFO:    Rule PHVT.X.4 completed with no violations, 152/576
INFO:    Rule NLVT.W.1 completed with no violations, 153/576
INFO:    Rule NLVT.SP.1 completed with no violations, 154/576
INFO:    Rule NLVT.X.2 completed with no violations, 155/576
INFO:    Rule NLVT.X.3 completed with no violations, 156/576
INFO:    Rule NLVT.X.4 completed with no violations, 157/576
INFO:    Rule PLVT.W.1 completed with no violations, 158/576
INFO:    Rule PLVT.SP.1 completed with no violations, 159/576
INFO:    Rule PLVT.X.2 completed with no violations, 160/576
INFO:    Rule PLVT.X.3 completed with no violations, 161/576
INFO:    Rule PLVT.X.4 completed with no violations, 162/576
INFO:    Rule NZVT.W.1 completed with no violations, 163/576
INFO:    Rule NZVT.SP.1 completed with no violations, 164/576
INFO:    Rule NZVT.SE.1 completed with no violations, 165/576
INFO:    Rule NZVT.SE.2 completed with no violations, 166/576
INFO:    Rule NZVT.E.1 completed with no violations, 167/576
INFO:    Rule NZVT.L.1 completed with no violations, 168/576
INFO:    Rule NZVT.W.2 completed with no violations, 169/576
INFO:    Rule NZVT.X.3 completed with no violations, 170/576
INFO:    Rule POLY.W.1 completed with no violations, 171/576
INFO:    Rule POLY.W.2 completed with no violations, 172/576
INFO:    Rule POLY.W.3 completed with no violations, 173/576
INFO:    Rule POLY.W.4 completed with no violations, 174/576
INFO:    Rule POLY.W.5 completed with no violations, 175/576
INFO:    Rule POLY.SP.1 completed with no violations, 176/576
INFO:    Rule POLY.SP.2 completed with no violations, 177/576
INFO:    Rule POLY.SP.3 completed with no violations, 178/576
INFO:    Rule POLY.SP.4 completed with no violations, 179/576
INFO:    Rule POLY.E.1 completed with no violations, 180/576
INFO:    Rule POLY.E.2 completed with no violations, 181/576
INFO:    Rule POLY.SE.1_POLY.SE.2 completed with no violations, 182/576
INFO:    Rule POLY.E.3 completed with no violations, 183/576
INFO:    Rule POLY.W.6 completed with no violations, 184/576
INFO:    Rule POLY.SP.5 completed with no violations, 185/576
INFO:    Rule POLY.X.1 completed with no violations, 186/576
INFO:    Rule POLY.X.2 completed with no violations, 187/576
INFO:    Rule POLY.A.1 completed with no violations, 188/576
INFO:    Rule POLY.EA.1 completed with no violations, 189/576
INFO:    Rule POLYR.E.1 completed with no violations, 190/576
INFO:    Rule POLYR.E.2 completed with no violations, 191/576
INFO:    Rule POLYR.E.3 completed with no violations, 192/576
INFO:    Rule POLYR.SE.2 completed with no violations, 193/576
INFO:    Rule POLYR.SE.2_2 completed with no violations, 194/576
INFO:    Rule POLYR.SE.2_3 completed with no violations, 195/576
INFO:    Rule POLYR.X.1 completed with no violations, 196/576
INFO:    Rule NIMP.W.1 completed with no violations, 197/576
INFO:    Rule NIMP.SP.1 completed with no violations, 198/576
INFO:    Rule NIMP.E.1 completed with no violations, 199/576
INFO:    Rule NIMP.O.1 completed with no violations, 200/576
INFO:    Rule NIMP.SE.1 completed with no violations, 201/576
INFO:    Rule NIMP.E.2 completed with no violations, 202/576
INFO:    Rule NIMP.E.3 completed with no violations, 203/576
INFO:    Rule NIMP.E.4 completed with no violations, 204/576
INFO:    Rule NIMP.SE.2 completed with no violations, 205/576
INFO:    Rule NIMP.A.1 completed with no violations, 206/576
INFO:    Rule NIMP.EA.1 completed with no violations, 207/576
INFO:    Rule NIMP.SE.3 completed with no violations, 208/576
INFO:    Rule NIMP.X.1 completed with no violations, 209/576
INFO:    Rule PIMP.W.1 completed with no violations, 210/576
INFO:    Rule PIMP.SP.1 completed with no violations, 211/576
INFO:    Rule PIMP.E.1 completed with no violations, 212/576
INFO:    Rule PIMP.O.1 completed with no violations, 213/576
INFO:    Rule PIMP.SE.1 completed with no violations, 214/576
INFO:    Rule PIMP.E.2 completed with no violations, 215/576
INFO:    Rule PIMP.E.3 completed with no violations, 216/576
INFO:    Rule PIMP.E.4 completed with no violations, 217/576
INFO:    Rule PIMP.SE.2 completed with no violations, 218/576
INFO:    Rule PIMP.A.1 completed with no violations, 219/576
INFO:    Rule PIMP.EA.1 completed with no violations, 220/576
INFO:    Rule PIMP.SE.3 completed with no violations, 221/576
INFO:    Rule CONT.W.1 completed with no violations, 222/576
INFO:    Rule CONT.SP.1 completed with no violations, 223/576
INFO:    Rule CONT.SP.2 completed with no violations, 224/576
INFO:    Rule CONT.SE.1 completed with no violations, 225/576
INFO:    Rule CONT.SE.2 completed with no violations, 226/576
INFO:    Rule CONT.SE.3 completed with no violations, 227/576
INFO:    Rule CONT.SE.4 completed with no violations, 228/576
INFO:    Rule CONT.E.1 completed with no violations, 229/576
INFO:    Rule CONT.E.2 completed with no violations, 230/576
INFO:    Rule CONT.E.3 completed with no violations, 231/576
INFO:    Rule CONT.E.4 completed with no violations, 232/576
INFO:    Rule CONT.E.4_2 completed with no violations, 233/576
INFO:    Rule CONT.X.1 completed with no violations, 234/576
INFO:    Rule CONT.X.2 completed with no violations, 235/576
INFO:    Rule CONT.X.2_2 completed with no violations, 236/576
INFO:    Rule CONT.X.3 completed with no violations, 237/576
INFO:    Rule SIPROT.W.1 completed with no violations, 238/576
INFO:    Rule SIPROT.SP.1 completed with no violations, 239/576
INFO:    Rule SIPROT.SE.1 completed with no violations, 240/576
INFO:    Rule SIPROT.SE.2 completed with no violations, 241/576
INFO:    Rule SIPROT.SE.3 completed with no violations, 242/576
INFO:    Rule SIPROT.E.2 completed with no violations, 243/576
INFO:    Rule SIPROT.E.1 completed with no violations, 244/576
INFO:    Rule SIPROT.E.3 completed with no violations, 245/576
INFO:    Rule SIPROT.A.1 completed with no violations, 246/576
INFO:    Rule SIPROT.SE.4 completed with no violations, 247/576
INFO:    Rule SIPROT.EA.1 completed with no violations, 248/576
INFO:    Rule METAL2.E.1_METAL2.E.2 completed with no violations, 249/576
INFO:    Rule METAL3.E.1_METAL3.E.2 completed with no violations, 250/576
INFO:    Rule METAL4.E.1_METAL4.E.2 completed with no violations, 251/576
INFO:    Rule METAL5.E.1_METAL5.E.2 completed with no violations, 252/576
INFO:    Rule METAL6.E.1_METAL6.E.2 completed with no violations, 253/576
INFO:    Rule METAL7.E.1_METAL7.E.2 completed with no violations, 254/576
INFO:    Rule METAL8.E.1_METAL8.E.2 completed with no violations, 255/576
INFO:    Rule METAL9.E.1_METAL9.E.2 completed with no violations, 256/576
INFO:    Rule METAL10.E.1_METAL10.E.2 completed with no violations, 257/576
INFO:    Rule METAL11.E.1_METAL11.E.2 completed with no violations, 258/576
INFO:    Rule METAL1.E.1_METAL1.E.2 completed with no violations, 259/576
INFO:    Rule METAL1.W.1 completed with no violations, 260/576
INFO:    Rule METAL2.W.1 completed with no violations, 261/576
INFO:    Rule METAL3.W.1 completed with no violations, 262/576
INFO:    Rule METAL4.W.1 completed with no violations, 263/576
INFO:    Rule METAL5.W.1 completed with no violations, 264/576
INFO:    Rule METAL6.W.1 completed with no violations, 265/576
INFO:    Rule METAL7.W.1 completed with no violations, 266/576
INFO:    Rule METAL8.W.1 completed with no violations, 267/576
INFO:    Rule METAL9.W.1 completed with no violations, 268/576
INFO:    Rule METAL10.W.1 completed with no violations, 269/576
INFO:    Rule METAL11.W.1 completed with no violations, 270/576
INFO:    Rule METAL1.W.2 completed with no violations, 271/576
INFO:    Rule METAL2.W.2 completed with no violations, 272/576
INFO:    Rule METAL3.W.2 completed with no violations, 273/576
INFO:    Rule METAL4.W.2 completed with no violations, 274/576
INFO:    Rule METAL5.W.2 completed with no violations, 275/576
INFO:    Rule METAL6.W.2 completed with no violations, 276/576
INFO:    Rule METAL7.W.2 completed with no violations, 277/576
INFO:    Rule METAL8.W.2 completed with no violations, 278/576
INFO:    Rule METAL9.W.2 completed with no violations, 279/576
INFO:    Rule METAL10.W.2 completed with no violations, 280/576
INFO:    Rule METAL11.W.2 completed with no violations, 281/576
INFO:    Rule METAL1.SP.1.1 completed with no violations, 282/576
INFO:    Rule METAL2.SP.1.1 completed with no violations, 283/576
INFO:    Rule METAL3.SP.1.1 completed with no violations, 284/576
INFO:    Rule METAL4.SP.1.1 completed with no violations, 285/576
INFO:    Rule METAL5.SP.1.1 completed with no violations, 286/576
INFO:    Rule METAL6.SP.1.1 completed with no violations, 287/576
INFO:    Rule METAL7.SP.1.1 completed with no violations, 288/576
INFO:    Rule METAL8.SP.1.1 completed with no violations, 289/576
INFO:    Rule METAL9.SP.1.1 completed with no violations, 290/576
INFO:    Rule METAL10.SP.1.1 completed with no violations, 291/576
INFO:    Rule METAL11.SP.1.1 completed with no violations, 292/576
WARNING: -para only is set since -project with constraint only supported with -para only.
INFO:    Rule METAL1.SP.1.2 completed with no violations, 293/576
INFO:    Rule METAL2.SP.1.2 completed with no violations, 294/576
INFO:    Rule METAL3.SP.1.2 completed with no violations, 295/576
INFO:    Rule METAL4.SP.1.2 completed with no violations, 296/576
INFO:    Rule METAL5.SP.1.2 completed with no violations, 297/576
INFO:    Rule METAL6.SP.1.2 completed with no violations, 298/576
INFO:    Rule METAL7.SP.1.2 completed with no violations, 299/576
INFO:    Rule METAL8.SP.1.2 completed with no violations, 300/576
INFO:    Rule METAL9.SP.1.2 completed with no violations, 301/576
INFO:    Rule METAL1.SP.1.3 completed with no violations, 302/576
INFO:    Rule METAL2.SP.1.3 completed with no violations, 303/576
INFO:    Rule METAL3.SP.1.3 completed with no violations, 304/576
INFO:    Rule METAL4.SP.1.3 completed with no violations, 305/576
INFO:    Rule METAL5.SP.1.3 completed with no violations, 306/576
INFO:    Rule METAL6.SP.1.3 completed with no violations, 307/576
INFO:    Rule METAL7.SP.1.3 completed with no violations, 308/576
INFO:    Rule METAL8.SP.1.3 completed with no violations, 309/576
INFO:    Rule METAL9.SP.1.3 completed with no violations, 310/576
INFO:    Rule METAL10.SP.1.2 completed with no violations, 311/576
INFO:    Rule METAL11.SP.1.2 completed with no violations, 312/576
INFO:    Rule METAL1.SP.1.4 completed with no violations, 313/576
INFO:    Rule METAL2.SP.1.4 completed with no violations, 314/576
INFO:    Rule METAL3.SP.1.4 completed with no violations, 315/576
INFO:    Rule METAL4.SP.1.4 completed with no violations, 316/576
INFO:    Rule METAL5.SP.1.4 completed with no violations, 317/576
INFO:    Rule METAL6.SP.1.4 completed with no violations, 318/576
INFO:    Rule METAL7.SP.1.4 completed with no violations, 319/576
INFO:    Rule METAL8.SP.1.4 completed with no violations, 320/576
INFO:    Rule METAL9.SP.1.4 completed with no violations, 321/576
INFO:    Rule METAL10.SP.1.3 completed with no violations, 322/576
INFO:    Rule METAL11.SP.1.3 completed with no violations, 323/576
INFO:    Rule METAL1.SP.1.5 completed with no violations, 324/576
INFO:    Rule METAL2.SP.1.5 completed with no violations, 325/576
INFO:    Rule METAL3.SP.1.5 completed with no violations, 326/576
INFO:    Rule METAL4.SP.1.5 completed with no violations, 327/576
INFO:    Rule METAL5.SP.1.5 completed with no violations, 328/576
INFO:    Rule METAL6.SP.1.5 completed with no violations, 329/576
INFO:    Rule METAL7.SP.1.5 completed with no violations, 330/576
INFO:    Rule METAL8.SP.1.5 completed with no violations, 331/576
INFO:    Rule METAL9.SP.1.5 completed with no violations, 332/576
INFO:    Rule METAL10.SP.1.4 completed with no violations, 333/576
INFO:    Rule METAL11.SP.1.4 completed with no violations, 334/576
INFO:    Rule METAL1.SP.1.6 completed with no violations, 335/576
INFO:    Rule METAL2.SP.1.6 completed with no violations, 336/576
INFO:    Rule METAL3.SP.1.6 completed with no violations, 337/576
INFO:    Rule METAL4.SP.1.6 completed with no violations, 338/576
INFO:    Rule METAL5.SP.1.6 completed with no violations, 339/576
INFO:    Rule METAL6.SP.1.6 completed with no violations, 340/576
INFO:    Rule METAL7.SP.1.6 completed with no violations, 341/576
INFO:    Rule METAL8.SP.1.6 completed with no violations, 342/576
INFO:    Rule METAL9.SP.1.6 completed with no violations, 343/576
INFO:    Rule METAL10.SP.1.5 completed with no violations, 344/576
INFO:    Rule METAL11.SP.1.5 completed with no violations, 345/576
INFO:    Rule METAL1.L.1 completed with no violations, 346/576
INFO:    Rule METAL2.L.1 completed with no violations, 347/576
INFO:    Rule METAL3.L.1 completed with no violations, 348/576
INFO:    Rule METAL4.L.1 completed with no violations, 349/576
INFO:    Rule METAL5.L.1 completed with no violations, 350/576
INFO:    Rule METAL6.L.1 completed with no violations, 351/576
INFO:    Rule METAL7.L.1 completed with no violations, 352/576
INFO:    Rule METAL8.L.1 completed with no violations, 353/576
INFO:    Rule METAL9.L.1 completed with no violations, 354/576
INFO:    Rule METAL1.SP.2 completed with no violations, 355/576
INFO:    Rule METAL1.W.3 completed with no violations, 356/576
INFO:    Rule METAL2.SP.2 completed with no violations, 357/576
INFO:    Rule METAL2.W.3 completed with no violations, 358/576
INFO:    Rule METAL3.SP.2 completed with no violations, 359/576
INFO:    Rule METAL3.W.3 completed with no violations, 360/576
INFO:    Rule METAL4.SP.2 completed with no violations, 361/576
INFO:    Rule METAL4.W.3 completed with no violations, 362/576
INFO:    Rule METAL5.SP.2 completed with no violations, 363/576
INFO:    Rule METAL5.W.3 completed with no violations, 364/576
INFO:    Rule METAL6.SP.2 completed with no violations, 365/576
INFO:    Rule METAL6.W.3 completed with no violations, 366/576
INFO:    Rule METAL7.SP.2 completed with no violations, 367/576
INFO:    Rule METAL7.W.3 completed with no violations, 368/576
INFO:    Rule METAL8.SP.2 completed with no violations, 369/576
INFO:    Rule METAL8.W.3 completed with no violations, 370/576
INFO:    Rule METAL9.SP.2 completed with no violations, 371/576
INFO:    Rule METAL9.W.3 completed with no violations, 372/576
INFO:    Rule METAL1.SP.3 completed with no violations, 373/576
INFO:    Rule METAL2.SP.3 completed with no violations, 374/576
INFO:    Rule METAL3.SP.3 completed with no violations, 375/576
INFO:    Rule METAL4.SP.3 completed with no violations, 376/576
INFO:    Rule METAL5.SP.3 completed with no violations, 377/576
INFO:    Rule METAL6.SP.3 completed with no violations, 378/576
INFO:    Rule METAL7.SP.3 completed with no violations, 379/576
INFO:    Rule METAL8.SP.3 completed with no violations, 380/576
INFO:    Rule METAL9.SP.3 completed with no violations, 381/576
INFO:    Rule METAL1.A.1 completed with no violations, 382/576
INFO:    Rule METAL2.A.1 completed with no violations, 383/576
INFO:    Rule METAL3.A.1 completed with no violations, 384/576
INFO:    Rule METAL4.A.1 completed with no violations, 385/576
INFO:    Rule METAL5.A.1 completed with no violations, 386/576
INFO:    Rule METAL6.A.1 completed with no violations, 387/576
INFO:    Rule METAL7.A.1 completed with no violations, 388/576
INFO:    Rule METAL8.A.1 completed with no violations, 389/576
INFO:    Rule METAL9.A.1 completed with no violations, 390/576
INFO:    Rule METAL10.A.1 completed with no violations, 391/576
INFO:    Rule METAL11.A.1 completed with no violations, 392/576
INFO:    Rule METAL1.EA.1 completed with no violations, 393/576
INFO:    Rule METAL2.EA.1 completed with no violations, 394/576
INFO:    Rule METAL3.EA.1 completed with no violations, 395/576
INFO:    Rule METAL4.EA.1 completed with no violations, 396/576
INFO:    Rule METAL5.EA.1 completed with no violations, 397/576
INFO:    Rule METAL6.EA.1 completed with no violations, 398/576
INFO:    Rule METAL7.EA.1 completed with no violations, 399/576
INFO:    Rule METAL8.EA.1 completed with no violations, 400/576
INFO:    Rule METAL9.EA.1 completed with no violations, 401/576
INFO:    Rule METAL10.EA.1 completed with no violations, 402/576
INFO:    Rule METAL11.EA.1 completed with no violations, 403/576
INFO:    Rule CMET.S.1 completed with no violations, 404/576
INFO:    Rule CMET.W.1 completed with no violations, 405/576
INFO:    Rule CMET.E.1 completed with no violations, 406/576
INFO:    Rule CMET.E.2 completed with no violations, 407/576
INFO:    Rule CMET.E.4 completed with no violations, 408/576
INFO:    Rule CMET.E.3 completed with no violations, 409/576
INFO:    Rule VIA1.W.1 completed with no violations, 410/576
INFO:    Rule VIA1.SP.1 completed with no violations, 411/576
INFO:    Rule VIA2.W.1 completed with no violations, 412/576
INFO:    Rule VIA2.SP.1 completed with no violations, 413/576
INFO:    Rule VIA3.W.1 completed with no violations, 414/576
INFO:    Rule VIA3.SP.1 completed with no violations, 415/576
INFO:    Rule VIA4.W.1 completed with no violations, 416/576
INFO:    Rule VIA4.SP.1 completed with no violations, 417/576
INFO:    Rule VIA5.W.1 completed with no violations, 418/576
INFO:    Rule VIA5.SP.1 completed with no violations, 419/576
INFO:    Rule VIA6.W.1 completed with no violations, 420/576
INFO:    Rule VIA6.SP.1 completed with no violations, 421/576
INFO:    Rule VIA7.W.1 completed with no violations, 422/576
INFO:    Rule VIA7.SP.1 completed with no violations, 423/576
INFO:    Rule VIA8.W.1 completed with no violations, 424/576
INFO:    Rule VIA8.SP.1 completed with no violations, 425/576
INFO:    Rule VIA9.W.1 completed with no violations, 426/576
INFO:    Rule VIA9.SP.1 completed with no violations, 427/576
INFO:    Rule VIA10.W.1 completed with no violations, 428/576
INFO:    Rule VIA10.SP.1 completed with no violations, 429/576
INFO:    Rule VIA1.E.1 completed with no violations, 430/576
INFO:    Rule VIA1.E.2 completed with no violations, 431/576
INFO:    Rule VIA2.E.1 completed with no violations, 432/576
INFO:    Rule VIA2.E.2 completed with no violations, 433/576
INFO:    Rule VIA3.E.1 completed with no violations, 434/576
INFO:    Rule VIA3.E.2 completed with no violations, 435/576
INFO:    Rule VIA4.E.1 completed with no violations, 436/576
INFO:    Rule VIA4.E.2 completed with no violations, 437/576
INFO:    Rule VIA5.E.1 completed with no violations, 438/576
INFO:    Rule VIA5.E.2 completed with no violations, 439/576
INFO:    Rule VIA6.E.1 completed with no violations, 440/576
INFO:    Rule VIA6.E.2 completed with no violations, 441/576
INFO:    Rule VIA7.E.1 completed with no violations, 442/576
INFO:    Rule VIA7.E.2 completed with no violations, 443/576
INFO:    Rule VIA8.E.1 completed with no violations, 444/576
INFO:    Rule VIA8.E.2 completed with no violations, 445/576
INFO:    Rule VIA9.E.1 completed with no violations, 446/576
INFO:    Rule VIA9.E.2 completed with no violations, 447/576
INFO:    Rule VIA10.E.1 completed with no violations, 448/576
INFO:    Rule VIA10.E.2 completed with no violations, 449/576
INFO:    Rule VIA1.X.2 completed with no violations, 450/576
INFO:    Rule VIA2.X.2 completed with no violations, 451/576
INFO:    Rule VIA3.X.2 completed with no violations, 452/576
INFO:    Rule VIA4.X.2 completed with no violations, 453/576
INFO:    Rule VIA5.X.2 completed with no violations, 454/576
INFO:    Rule VIA6.X.2 completed with no violations, 455/576
INFO:    Rule VIA7.X.2 completed with no violations, 456/576
INFO:    Rule VIA8.X.2 completed with no violations, 457/576
INFO:    Rule LATCHUP.1 completed with no violations, 458/576
INFO:    Rule LATCHUP.2 completed with no violations, 459/576
INFO:    Rule ESD.1 completed with no violations, 460/576
INFO:    Rule ESD.5 completed with no violations, 461/576
INFO:    Rule ESD.6 completed with no violations, 462/576
INFO:    Rule ESD.7 completed with no violations, 463/576
INFO:    Rule ESD.7_2 completed with no violations, 464/576
INFO:    Rule ESD.11 completed with no violations, 465/576
INFO:    Rule ESD.12 completed with no violations, 466/576
INFO:    Rule ESD.13 completed with no violations, 467/576
INFO:    Rule ESD.14 completed with no violations, 468/576
INFO:    Rule ESD.15 completed with no violations, 469/576
INFO:    Rule BONDPAD.E.1 completed with no violations, 470/576
INFO:    Rule BONDPAD.SP.2 completed with no violations, 471/576
INFO:    Rule BONDPAD.E.1_2 completed with no violations, 472/576
INFO:    Rule BONDPAD.SP.2_2 completed with no violations, 473/576
INFO:    Rule BONDPAD.E.1_3 completed with no violations, 474/576
INFO:    Rule BONDPAD.SP.2_3 completed with no violations, 475/576
INFO:    Rule BONDPAD.E.1_4 completed with no violations, 476/576
INFO:    Rule BONDPAD.SP.2_4 completed with no violations, 477/576
INFO:    Rule BONDPAD.E.1_5 completed with no violations, 478/576
INFO:    Rule BONDPAD.SP.2_5 completed with no violations, 479/576
INFO:    Rule BONDPAD.E.1_6 completed with no violations, 480/576
INFO:    Rule BONDPAD.SP.2_6 completed with no violations, 481/576
INFO:    Rule BONDPAD.E.1_7 completed with no violations, 482/576
INFO:    Rule BONDPAD.SP.2_7 completed with no violations, 483/576
INFO:    Rule BONDPAD.E.1_8 completed with no violations, 484/576
INFO:    Rule BONDPAD.SP.2_8 completed with no violations, 485/576
INFO:    Rule BONDPAD.E.1_9 completed with no violations, 486/576
INFO:    Rule BONDPAD.SP.2_9 completed with no violations, 487/576
INFO:    Rule BONDPAD.E.1_10 completed with no violations, 488/576
INFO:    Rule BONDPAD.SP.2_10 completed with no violations, 489/576
INFO:    Rule BONDPAD.E.1_11 completed with no violations, 490/576
INFO:    Rule BONDPAD.SP.2_11 completed with no violations, 491/576
INFO:    Rule BONDPAD.W.1 completed with no violations, 492/576
INFO:    Rule BONDPAD.SP.1 completed with no violations, 493/576
INFO:    Rule BONDPAD.B.1B completed with no violations, 494/576
INFO:    Rule BONDPAD.B.1B_2 completed with no violations, 495/576
INFO:    Rule BONDPAD.B.1B_3 completed with no violations, 496/576
INFO:    Rule BONDPAD.B.1B_4 completed with no violations, 497/576
INFO:    Rule BONDPAD.B.1B_5 completed with no violations, 498/576
INFO:    Rule BONDPAD.B.1B_6 completed with no violations, 499/576
INFO:    Rule BONDPAD.B.1B_7 completed with no violations, 500/576
INFO:    Rule BONDPAD.B.1B_8 completed with no violations, 501/576
INFO:    Rule BONDPAD.B.1B_9 completed with no violations, 502/576
INFO:    Rule BONDPAD.B.1B_10 completed with no violations, 503/576
INFO:    Rule BONDPAD.B.1B_11 completed with no violations, 504/576
INFO:    Rule BONDPAD.SP.3 completed with no violations, 505/576
INFO:    Rule BONDPAD.SP.3_2 completed with no violations, 506/576
INFO:    Rule BONDPAD.SP.3_3 completed with no violations, 507/576
INFO:    Rule BONDPAD.SP.3_4 completed with no violations, 508/576
INFO:    Rule BONDPAD.SP.3_5 completed with no violations, 509/576
INFO:    Rule BONDPAD.SP.3_6 completed with no violations, 510/576
INFO:    Rule BONDPAD.SP.4 completed with no violations, 511/576
INFO:    Rule BONDPAD.SP.4_2 completed with no violations, 512/576
INFO:    Rule BONDPAD.SP.4_3 completed with no violations, 513/576
INFO:    Rule BONDPAD.SP.4_4 completed with no violations, 514/576
INFO:    Rule BONDPAD.E.2 completed with no violations, 515/576
INFO:    Rule BONDPAD.E.2_2 completed with no violations, 516/576
INFO:    Rule BONDPAD.E.2_3 completed with no violations, 517/576
INFO:    Rule BONDPAD.E.2_4 completed with no violations, 518/576
INFO:    Rule BONDPAD.E.2_5 completed with no violations, 519/576
INFO:    Rule BONDPAD.E.2_6 completed with no violations, 520/576
INFO:    Rule BONDPAD.E.3 completed with no violations, 521/576
INFO:    Rule BONDPAD.E.3_2 completed with no violations, 522/576
INFO:    Rule BONDPAD.E.3_3 completed with no violations, 523/576
INFO:    Rule BONDPAD.E.3_4 completed with no violations, 524/576
INFO:    Rule BONDPAD.E.2_7 completed with no violations, 525/576
INFO:    Rule BONDPAD.E.2_8 completed with no violations, 526/576
INFO:    Rule BONDPAD.E.2_9 completed with no violations, 527/576
INFO:    Rule BONDPAD.E.2_10 completed with no violations, 528/576
INFO:    Rule BONDPAD.E.2_11 completed with no violations, 529/576
INFO:    Rule BONDPAD.E.2_12 completed with no violations, 530/576
INFO:    Rule BONDPAD.E.3_5 completed with no violations, 531/576
INFO:    Rule BONDPAD.E.3_6 completed with no violations, 532/576
INFO:    Rule BONDPAD.E.3_7 completed with no violations, 533/576
INFO:    Rule BONDPAD.E.3_8 completed with no violations, 534/576
INFO:    Rule BONDPAD.SP.6 completed with no violations, 535/576
INFO:    Rule BONDPAD.SP.6_2 completed with no violations, 536/576
INFO:    Rule BONDPAD.SP.6_3 completed with no violations, 537/576
INFO:    Rule BONDPAD.SP.6_4 completed with no violations, 538/576
INFO:    Rule BONDPAD.SP.6_5 completed with no violations, 539/576
INFO:    Rule BONDPAD.SP.6_6 completed with no violations, 540/576
INFO:    Rule BONDPAD.SP.6_7 completed with no violations, 541/576
INFO:    Rule BONDPAD.SP.6_8 completed with no violations, 542/576
INFO:    Rule BONDPAD.SP.6_9 completed with no violations, 543/576
INFO:    Rule BONDPAD.SP.6_10 completed with no violations, 544/576
INFO:    Rule BONDPAD.SP.7 completed with no violations, 545/576
INFO:    Rule BONDPAD.SP.7_2 completed with no violations, 546/576
INFO:    Rule BONDPAD.SP.7_3 completed with no violations, 547/576
INFO:    Rule BONDPAD.SP.7_4 completed with no violations, 548/576
INFO:    Rule BONDPAD.SP.7_5 completed with no violations, 549/576
INFO:    Rule BONDPAD.SP.7_6 completed with no violations, 550/576
INFO:    Rule BONDPAD.SP.7_7 completed with no violations, 551/576
INFO:    Rule BONDPAD.SP.7_8 completed with no violations, 552/576
INFO:    Rule BONDPAD.SP.7_9 completed with no violations, 553/576
INFO:    Rule BONDPAD.SP.7_10 completed with no violations, 554/576
INFO:    Rule OXIDER.W.1.1 completed with no violations, 555/576
INFO:    Rule POLYR.W.1.1 completed with no violations, 556/576
INFO:    Rule soft_check_1 completed with no violations, 557/576
INFO:    Rule soft_check_2 completed with no violations, 558/576
INFO:    Rule soft_check_4 completed with no violations, 559/576
INFO:    Rule soft_check_5 completed with no violations, 560/576
INFO:    Rule soft_check_7 completed with no violations, 561/576
INFO:    Rule soft_check_8 completed with no violations, 562/576
INFO:    Rule soft_check_10 completed with no violations, 563/576
INFO:    Rule soft_check_11 completed with no violations, 564/576
INFO:    Rule soft_check_13 completed with no violations, 565/576
INFO:    Rule soft_check_14 completed with no violations, 566/576
         Remaining rules: soft_check_16  soft_check_17  NW.SP.1  NW.SP.2_3  LATCHUP.3  LATCHUP.4  ESD.4  ESD.4_2  ESD.8  ESD.8_2 
INFO:    Rule soft_check_16 completed with no violations, 567/576
         Remaining rules: soft_check_17  NW.SP.1  NW.SP.2_3  LATCHUP.3  LATCHUP.4  ESD.4  ESD.4_2  ESD.8  ESD.8_2 
INFO:    Rule soft_check_17 completed with no violations, 568/576
         Remaining rules: NW.SP.1  NW.SP.2_3  LATCHUP.3  LATCHUP.4  ESD.4  ESD.4_2  ESD.8  ESD.8_2 
INFO:    Rule NW.SP.1 completed with no violations, 569/576
         Remaining rules: NW.SP.2_3  LATCHUP.3  LATCHUP.4  ESD.4  ESD.4_2  ESD.8  ESD.8_2 
INFO:    Rule NW.SP.2_3 completed with no violations, 570/576
         Remaining rules: LATCHUP.3  LATCHUP.4  ESD.4  ESD.4_2  ESD.8  ESD.8_2 
INFO:    Rule LATCHUP.3 completed with no violations, 571/576
         Remaining rules: LATCHUP.4  ESD.4  ESD.4_2  ESD.8  ESD.8_2 
INFO:    Rule LATCHUP.4 completed with no violations, 572/576
         Remaining rules: ESD.4  ESD.4_2  ESD.8  ESD.8_2 
INFO:    Rule ESD.4 completed with no violations, 573/576
         Remaining rules: ESD.4_2  ESD.8  ESD.8_2 
INFO:    Rule ESD.4_2 completed with no violations, 574/576
         Remaining rules: ESD.8  ESD.8_2 
INFO:    Rule ESD.8 completed with no violations, 575/576
         Remaining rules: ESD.8_2 
INFO:    Rule ESD.8_2 completed with no violations, 576/576
INFO:    Status: Runset 100% complete as of 2025-05-15 10:11:36   Elapsed: 00:00:01
         Worker: Active CPUs  Total Mem(MB)  Active Mem(MB)  CPU time(s)
              0:    1 /   1            111              10            1
INFO:	 Status: Finishing as of 2025-05-15 10:11:36   Elapsed: 00:00:01   CPU time[s]: 1
INFO:    Resource usage by worker at exit:
                  CPU      Elapsed  CPUs       CPU       Peak        Peak engine
         Worker:  time[s]  time[s]  Allocated  usage[%]  Memory[MB]  Memory[MB]
              0:        1        1          1     90.79         111           10
         Worker resource usage  summary: Total CPU[s]: 1  Run duration[s]: 1  Max peak memory[MB]: 111
         Worker CPU utilization summary: 1 of 1 available CPU seconds (100.00%) with 1 average available CPU(s)
INFO:    Generating summary in /home/ece558_658_2024/cdeclercq/559/unppl_design/drc-runs/sys_arr_ppl.sum
INFO:    All selected rules completed
         Total CPU Time                    : 2(s)
         Total Real Time                   : 2(s)
         Total Original Geometry           : 1200(778693)
         Total DRC RuleChecks              : 576
         Total DRC Results                 : 0 (0)
         ASCII report database is /home/ece558_658_2024/cdeclercq/559/unppl_design/drc-runs/sys_arr_ppl.drc_errors.ascii
INFO:    Checking in all SoftShare licenses.

Pegasus finished normally. 2025-05-15 10:11:36


