Running: /opt/cadence/pegasus/tools.lnx86/Pegasus/bin/64bit/pegasusvirt \
  -isPegasus \
  -mode lvs \
  -global_log_file /home/ece558_658_2024/cdeclercq/559/unppl_design/lvs-runs/pegasusuilvs.log \
  -control /home/ece558_658_2024/cdeclercq/559/unppl_design/lvs-runs/pegasuslvsctl \
  -df2_version 6.1.8.0 \
  -run_dir /home/ece558_658_2024/cdeclercq/559/unppl_design/lvs-runs \
  -no_rules_check \
  -qrc_data \
  -schLibName systolic_array \
  -schCellName sys_arr_ppl \
  -schViewName schematic \
  -simViewList auCdl\ schematic \
  -simStopList auCdl \
  -displayPinInfo \
  -source_cdl /home/ece558_658_2024/cdeclercq/559/unppl_design/lvs-runs/sys_arr_ppl.cdl \
  -spice /home/ece558_658_2024/cdeclercq/559/unppl_design/lvs-runs/sys_arr_ppl.spi \
  -layLibName systolic_array \
  -layCellName sys_arr_ppl \
  -layViewName layout \
  -igds /home/ece558_658_2024/cdeclercq/559/unppl_design/lvs-runs/sys_arr_ppl.gds.gz \
  -layScale 0.0005 \
  -layTechLib gpdk045 \
  -convertPin geometryAndText \
  -replaceBusBitChar nil \
  -noConvertHalfWidthPath nil \
  -layHierDepth 32 \
  -layMaxVertices 2048 \
  -rulesFile /home/ece558_658_2024/cdeclercq/559/unppl_design/lvs-runs/.technology.rul \
  -log_dir LOGS



Virtuoso Framework License (111) was checked out successfully. Total checkout time was 0.01s.
*WARNING* '/home/ece558_658_2024/cdeclercq/559/unppl_design/cds.lib', Line 2, Repeat of INCLUDE of '/opt/cadence/ic618/share/cdssetup/cds.lib'.
*WARNING* '/opt/cadence/ic618/share/cdssetup/cds.lib', Line 1, Repeat of INCLUDE of '/opt/cadence/ic618/share/cdssetup/dfII/cds.lib'.
*WARNING* LIB cdsDefTechLib from File /opt/cadence/ic618/share/cdssetup/dfII/cds.lib Line 1 redefines
LIB cdsDefTechLib from the same file (defined earlier.)
*WARNING* '/opt/cadence/ic618/share/cdssetup/dfII/cds.lib', Line 2, Repeat of INCLUDE of '/opt/cadence/ic618/tools.lnx86/dfII/etc/cdsDotLibs/composer/cds.lib'.
*WARNING* LIB basic from File /opt/cadence/ic618/tools.lnx86/dfII/etc/cdsDotLibs/composer/cds.lib Line 1 redefines
LIB basic from the same file (defined earlier.)
*WARNING* LIB US_8ths from File /opt/cadence/ic618/tools.lnx86/dfII/etc/cdsDotLibs/composer/cds.lib Line 2 redefines
LIB US_8ths from the same file (defined earlier.)
*WARNING* '/opt/cadence/ic618/share/cdssetup/dfII/cds.lib', Line 3, Repeat of INCLUDE of '/opt/cadence/ic618/tools.lnx86/dfII/etc/cdsDotLibs/artist/cds.lib'.
*WARNING* LIB analogLib from File /opt/cadence/ic618/tools.lnx86/dfII/etc/cdsDotLibs/artist/cds.lib Line 1 redefines
LIB analogLib from the same file (defined earlier.)
*WARNING* LIB functional from File /opt/cadence/ic618/tools.lnx86/dfII/etc/cdsDotLibs/artist/cds.lib Line 2 redefines
LIB functional from the same file (defined earlier.)
*WARNING* '/opt/cadence/ic618/share/cdssetup/dfII/cds.lib', Line 4, Repeat of INCLUDE of '/opt/cadence/ic618/tools.lnx86/dfII/etc/cdsDotLibs/spectre/cds.lib'.
*WARNING* LIB rfLib from File /opt/cadence/ic618/tools.lnx86/dfII/etc/cdsDotLibs/spectre/cds.lib Line 6 redefines
LIB rfLib from the same file (defined earlier.)
*WARNING* LIB rfExamples from File /opt/cadence/ic618/tools.lnx86/dfII/etc/cdsDotLibs/spectre/cds.lib Line 7 redefines
LIB rfExamples from the same file (defined earlier.)
*WARNING* LIB ahdlLib from File /opt/cadence/ic618/tools.lnx86/dfII/etc/cdsDotLibs/spectre/cds.lib Line 8 redefines
LIB ahdlLib from the same file (defined earlier.)
********************************************************************************
Product   : Virtuoso(R) XStream Out
Program   : @(#)$CDS: strmout version 6.1.8-64b 10/01/2018 19:51 (ip-172-18-22-52) $
          : sub-version  IC6.1.8-64b.83 
Started at: 15-May-2025  10:15:11
User Name : cdeclercq
Host Name : vlsicad.ecs.umass.edu
Directory : /home/ece558_658_2024/cdeclercq/559/unppl_design
CADENCE Design Systems, Inc.
********************************************************************************
Info: Cellview Rev Num:99,  Tech Rev Num:59

*WARNING* LIB rfTlineLib from File /opt/cadence/ic618/tools.lnx86/dfII/etc/cdsDotLibs/spectre/cds.lib Line 9 redefines
LIB rfTlineLib from the same file (defined earlier.)
Loading gpdk045/libInit.il ...
	Loading gpdk045/loadCxt.ile ... done!
	Loading context 'gpdk045' from library 'gpdk045' ... done!
	Loading context 'pdkUtils' from library 'gpdk045' ... done!
	Loading gpdk045/gpdk045_customFilter.il ... done!
	Loading gpdk045/libInitCustomExit.il ... 
	Loading Environment Settings ...
	Loading gpdk045/gpdk045_PDKRegistrations.il ... done!

  *************************************************************           
  *              Cadence Design Systems, Inc.                 *           
  *                                                           *           
  *                    Generic 45nm PDK                       *           
  *                        (gpdk045)                          *           
  *                                                           *           
  *************************************************************           
	

	VERSION: 6.0 (09-September-2019)

done!
Loaded gpdk045/libInit.il successfully!
WARNING (XSTRM-20): Output Stream file '/home/ece558_658_2024/cdeclercq/559/unppl_design/lvs-runs/sys_arr_ppl.gds.gz' already exists. It will be overwritten.
INFO (XSTRM-217): Reading the layer map file, /opt/cadence/gpdk045/gpdk045_v_6_0/gpdk045/gpdk045.layermap
INFO (XSTRM-280): The output file will be a compressed file because the file name has extension .gz
INFO (XSTRM-162): You have not used the viaMap option. If the OpenAccess design has native oaVia instances, use the -viaMap option for preserving oaVia instances in a Stream Out - Stream In round trip. Using the -viaMap option improves performance and VM usage of applications using the Streamed-In design.  For details on the viaMap option, refer to the "Design Data Translator's Reference" guide for XStream.

Summary of Options :
library                                 systolic_array
strmFile                                /home/ece558_658_2024/cdeclercq/559/unppl_design/lvs-runs/sys_arr_ppl.gds.gz
topCell                                 sys_arr_ppl
view                                    layout
runDir                                  /home/ece558_658_2024/cdeclercq/559/unppl_design/lvs-runs
logFile                                 /home/ece558_658_2024/cdeclercq/559/unppl_design/lvs-runs/PIPO1.LOG
techLib                                 gpdk045
hierDepth                               32
maxVertices                             2048
layerMap                                /opt/cadence/gpdk045/gpdk045_v_6_0/gpdk045/gpdk045.layermap
userSkillFile                           /home/ece558_658_2024/cdeclercq/559/unppl_design/lvs-runs/strmout.il
labelDepth                              32
case                                    Preserve
convertDot                              node
convertPin                              geometryAndText

INFO (XSTRM-223): 1. Translating cellView gpdk045/M2_M1/layout as STRUCTURE M2_M1_CDNS_1.
INFO (XSTRM-223): 2. Translating cellView gpdk045/M2_M1/layout as STRUCTURE M2_M1_CDNS_2.
INFO (XSTRM-223): 3. Translating cellView gpdk045/M2_M1/layout as STRUCTURE M2_M1_CDNS_3.
INFO (XSTRM-223): 4. Translating cellView gpdk045/M1_PO/layout as STRUCTURE M1_PO_CDNS_4.
INFO (XSTRM-223): 5. Translating cellView gpdk045/M1_NWELL/layout as STRUCTURE M1_NWELL_CDNS_5.
INFO (XSTRM-223): 6. Translating cellView gpdk045/M1_PSUB/layout as STRUCTURE M1_PSUB_CDNS_6.
INFO (XSTRM-223): 7. Translating cellView gpdk045/pmos1v/layout as STRUCTURE pmos1v_CDNS_7.
INFO (XSTRM-223): 8. Translating cellView gpdk045/nmos1v/layout as STRUCTURE nmos1v_CDNS_8.
INFO (XSTRM-223): 9. Translating cellView gpdk045/pmos1v/layout as STRUCTURE pmos1v_CDNS_9.
INFO (XSTRM-223): 10. Translating cellView gpdk045/nmos1v/layout as STRUCTURE nmos1v_CDNS_10.
INFO (XSTRM-223): 11. Translating cellView accumulator_bitslice/FlipFlop/layout as STRUCTURE FlipFlop.
INFO (XSTRM-317): The 'accumulator_bitslice/FlipFlop/layout' has a pathSeg with diagonal orientation, or end style as custom or chamfer at (-1215, 1190). This pathSeg will be translated as a boundary record in the GDS file during Stream Out.
INFO (XSTRM-317): The 'accumulator_bitslice/FlipFlop/layout' has a pathSeg with diagonal orientation, or end style as custom or chamfer at (1185, 1140). This pathSeg will be translated as a boundary record in the GDS file during Stream Out.
INFO (XSTRM-223): 12. Translating cellView accumulator_bitslice/XOR/layout as STRUCTURE XOR.
INFO (XSTRM-317): The 'accumulator_bitslice/XOR/layout' has a pathSeg with diagonal orientation, or end style as custom or chamfer at (2605, 2890). This pathSeg will be translated as a boundary record in the GDS file during Stream Out.
INFO (XSTRM-317): The 'accumulator_bitslice/XOR/layout' has a pathSeg with diagonal orientation, or end style as custom or chamfer at (2105, 5680). This pathSeg will be translated as a boundary record in the GDS file during Stream Out.
INFO (XSTRM-223): 13. Translating cellView lab1_virt/NAND/layout as STRUCTURE NAND.
INFO (XSTRM-223): 14. Translating cellView systolic_array/Full_Adder/layout as STRUCTURE Full_Adder.
INFO (XSTRM-223): 15. Translating cellView accumulator_bitslice/inv/layout as STRUCTURE inv.
INFO (XSTRM-223): 16. Translating cellView systolic_array/faabs/layout as STRUCTURE faabs.
INFO (XSTRM-223): 17. Translating cellView systolic_array/Half_Adder/layout as STRUCTURE Half_Adder.
INFO (XSTRM-317): The 'systolic_array/Half_Adder/layout' has a pathSeg with diagonal orientation, or end style as custom or chamfer at (1555, 2240). This pathSeg will be translated as a boundary record in the GDS file during Stream Out.
INFO (XSTRM-317): The 'systolic_array/Half_Adder/layout' has a pathSeg with diagonal orientation, or end style as custom or chamfer at (2055, -650). This pathSeg will be translated as a boundary record in the GDS file during Stream Out.
INFO (XSTRM-223): 18. Translating cellView systolic_array/AND/layout as STRUCTURE AND.
INFO (XSTRM-223): 19. Translating cellView systolic_array/Multiplier_ppl/layout as STRUCTURE Multiplier_ppl.
INFO (XSTRM-223): 20. Translating cellView systolic_array/proc_el_ppl/layout as STRUCTURE proc_el_ppl.
INFO (XSTRM-223): 21. Translating cellView systolic_array/sys_arr_ppl/layout as STRUCTURE sys_arr_ppl.

Summary of Objects Translated:
	Scalar Instances:                       143
	Array Instances:                        0
	Polygons:                               0
	Paths:                                  0
	Rectangles:                             311
	Lines:                                  0
	Arcs:                                   0
	Donuts:                                 0
	Dots:                                   0
	Ellipses:                               0
	Boundaries:                             0
	Area Blockages:                         0
	Layer Blockages:                        0
	Area Halos:                             0
	Markers:                                0
	Rows:                                   0
	Standard Vias                           824
	Custom Vias:                            0
	CdsGen Vias:                            0
	Pathsegs:                               892
	Text:                                   257
	TextDisplay:                            0
	Cells:                                  21

Elapsed Time: 0.2s   User Time: 0.1s   CPU Time: 0.0s   Peak VM: 6824KB
INFO (XSTRM-234): Translation completed. '0' error(s) and '1' warning(s) found.

Creation of CDL for systolic_array/sys_arr_ppl/schematic is started
 si -batch /home/ece558_658_2024/cdeclercq/559/unppl_design/lvs-runs/ >/home/ece558_658_2024/cdeclercq/559/unppl_design/lvs-runs/SI.OUT 2>/home/ece558_658_2024/cdeclercq/559/unppl_design/lvs-runs/SI.LOG 
*Error* eval: undefined function - _lbuiNextLicenseDialog
*Error* eval: undefined function - _lbuiNextLicenseDialog
Virtuoso Framework License (111) was checked out successfully. Total checkout time was 0.01s.

Running simulation in directory: "/home/ece558_658_2024/cdeclercq/559/unppl_design/lvs-runs/".

*WARNING* '/home/ece558_658_2024/cdeclercq/559/unppl_design/cds.lib', Line 2, Repeat of INCLUDE of '/opt/cadence/ic618/share/cdssetup/cds.lib'.
*WARNING* '/opt/cadence/ic618/share/cdssetup/cds.lib', Line 1, Repeat of INCLUDE of '/opt/cadence/ic618/share/cdssetup/dfII/cds.lib'.
*WARNING* LIB cdsDefTechLib from File /opt/cadence/ic618/share/cdssetup/dfII/cds.lib Line 1 redefines
LIB cdsDefTechLib from the same file (defined earlier.)
*WARNING* '/opt/cadence/ic618/share/cdssetup/dfII/cds.lib', Line 2, Repeat of INCLUDE of '/opt/cadence/ic618/tools.lnx86/dfII/etc/cdsDotLibs/composer/cds.lib'.
*WARNING* LIB basic from File /opt/cadence/ic618/tools.lnx86/dfII/etc/cdsDotLibs/composer/cds.lib Line 1 redefines
LIB basic from the same file (defined earlier.)
*WARNING* LIB US_8ths from File /opt/cadence/ic618/tools.lnx86/dfII/etc/cdsDotLibs/composer/cds.lib Line 2 redefines
LIB US_8ths from the same file (defined earlier.)
*WARNING* '/opt/cadence/ic618/share/cdssetup/dfII/cds.lib', Line 3, Repeat of INCLUDE of '/opt/cadence/ic618/tools.lnx86/dfII/etc/cdsDotLibs/artist/cds.lib'.
*WARNING* LIB analogLib from File /opt/cadence/ic618/tools.lnx86/dfII/etc/cdsDotLibs/artist/cds.lib Line 1 redefines
LIB analogLib from the same file (defined earlier.)
*WARNING* LIB functional from File /opt/cadence/ic618/tools.lnx86/dfII/etc/cdsDotLibs/artist/cds.lib Line 2 redefines
LIB functional from the same file (defined earlier.)
*WARNING* '/opt/cadence/ic618/share/cdssetup/dfII/cds.lib', Line 4, Repeat of INCLUDE of '/opt/cadence/ic618/tools.lnx86/dfII/etc/cdsDotLibs/spectre/cds.lib'.
*WARNING* LIB rfLib from File /opt/cadence/ic618/tools.lnx86/dfII/etc/cdsDotLibs/spectre/cds.lib Line 6 redefines
LIB rfLib from the same file (defined earlier.)
*WARNING* LIB rfExamples from File /opt/cadence/ic618/tools.lnx86/dfII/etc/cdsDotLibs/spectre/cds.lib Line 7 redefines
LIB rfExamples from the same file (defined earlier.)
*WARNING* LIB ahdlLib from File /opt/cadence/ic618/tools.lnx86/dfII/etc/cdsDotLibs/spectre/cds.lib Line 8 redefines
LIB ahdlLib from the same file (defined earlier.)
*WARNING* LIB rfTlineLib from File /opt/cadence/ic618/tools.lnx86/dfII/etc/cdsDotLibs/spectre/cds.lib Line 9 redefines
LIB rfTlineLib from the same file (defined earlier.)
*WARNING* '/home/ece558_658_2024/cdeclercq/559/unppl_design/cds.lib', Line 2, Repeat of INCLUDE of '/opt/cadence/ic618/share/cdssetup/cds.lib'.
*WARNING* '/opt/cadence/ic618/share/cdssetup/cds.lib', Line 1, Repeat of INCLUDE of '/opt/cadence/ic618/share/cdssetup/dfII/cds.lib'.
*WARNING* LIB cdsDefTechLib from File /opt/cadence/ic618/share/cdssetup/dfII/cds.lib Line 1 redefines
LIB cdsDefTechLib from the same file (defined earlier.)
*WARNING* '/opt/cadence/ic618/share/cdssetup/dfII/cds.lib', Line 2, Repeat of INCLUDE of '/opt/cadence/ic618/tools.lnx86/dfII/etc/cdsDotLibs/composer/cds.lib'.
*WARNING* LIB basic from File /opt/cadence/ic618/tools.lnx86/dfII/etc/cdsDotLibs/composer/cds.lib Line 1 redefines
LIB basic from the same file (defined earlier.)
*WARNING* LIB US_8ths from File /opt/cadence/ic618/tools.lnx86/dfII/etc/cdsDotLibs/composer/cds.lib Line 2 redefines
LIB US_8ths from the same file (defined earlier.)
*WARNING* '/opt/cadence/ic618/share/cdssetup/dfII/cds.lib', Line 3, Repeat of INCLUDE of '/opt/cadence/ic618/tools.lnx86/dfII/etc/cdsDotLibs/artist/cds.lib'.
*WARNING* LIB analogLib from File /opt/cadence/ic618/tools.lnx86/dfII/etc/cdsDotLibs/artist/cds.lib Line 1 redefines
LIB analogLib from the same file (defined earlier.)
*WARNING* LIB functional from File /opt/cadence/ic618/tools.lnx86/dfII/etc/cdsDotLibs/artist/cds.lib Line 2 redefines
LIB functional from the same file (defined earlier.)
*WARNING* '/opt/cadence/ic618/share/cdssetup/dfII/cds.lib', Line 4, Repeat of INCLUDE of '/opt/cadence/ic618/tools.lnx86/dfII/etc/cdsDotLibs/spectre/cds.lib'.
*WARNING* LIB rfLib from File /opt/cadence/ic618/tools.lnx86/dfII/etc/cdsDotLibs/spectre/cds.lib Line 6 redefines
LIB rfLib from the same file (defined earlier.)
*WARNING* LIB rfExamples from File /opt/cadence/ic618/tools.lnx86/dfII/etc/cdsDotLibs/spectre/cds.lib Line 7 redefines
LIB rfExamples from the same file (defined earlier.)
*WARNING* LIB ahdlLib from File /opt/cadence/ic618/tools.lnx86/dfII/etc/cdsDotLibs/spectre/cds.lib Line 8 redefines
LIB ahdlLib from the same file (defined earlier.)
*WARNING* LIB rfTlineLib from File /opt/cadence/ic618/tools.lnx86/dfII/etc/cdsDotLibs/spectre/cds.lib Line 9 redefines
LIB rfTlineLib from the same file (defined earlier.)
Loading gpdk045/libInit.il ...
	Loading gpdk045/loadCxt.ile ... done!
	Loading context 'gpdk045' from library 'gpdk045' ... done!
	Loading context 'pdkUtils' from library 'gpdk045' ... done!
	Loading gpdk045/gpdk045_customFilter.il ... done!
	Loading gpdk045/libInitCustomExit.il ... 
	Loading Environment Settings ...
	Loading gpdk045/gpdk045_PDKRegistrations.il ... done!

  *************************************************************           
  *              Cadence Design Systems, Inc.                 *           
  *                                                           *           
  *                    Generic 45nm PDK                       *           
  *                        (gpdk045)                          *           
  *                                                           *           
  *************************************************************           
	

	VERSION: 6.0 (09-September-2019)

done!
Loaded gpdk045/libInit.il successfully!
Running Artist Hierarchical Netlisting ...
Loading cdf.cxt 
End netlisting May 15 10:15:12 2025

Running simin

Running runSim()...


Running runsim with simulator: "auCdl"
Begin simulation:    May 15 10:15:12 2025

auCdl netlisting completed
End simulation:      May 15 10:15:12 2025
INFO (AUCDL-21): (Analog) CDL netlisting completed successfully.

Pegasus 22.20-p009 7OBTvxYo9jId0i1pvusGmw 2025-05-15 10:15:15 2850467 vlsicad.ecs.umass.edu
Copyright 2023 Cadence Design Systems, Inc.
All rights reserved worldwide.

INFO:    Command Line Options: -lvs -top_cell sys_arr_ppl -log_dir LOGS -source_top_cell sys_arr_ppl -spice /home/ece558_658_2024/cdeclercq/559/unppl_design/lvs-runs/sys_arr_ppl.spi -qrc_data -control /home/ece558_658_2024/cdeclercq/559/unppl_design/lvs-runs/pegasuslvsctl -ui_data -gdb_data /home/ece558_658_2024/cdeclercq/559/unppl_design/lvs-runs/.technology.rul
INFO:    Launch host CPU: Model: Intel(R) Xeon(R) Silver 4216 CPU @ 2.10GHz, OS: Red Hat Enterprise Linux release 8.10 (Ootpa), Logical cores: 64, Physical cores: 32, Cache: 22528 KB, CPU Speed: 3200 MHz
         Launch host Memory: MemTotal: 257032 MB,  MemFree: 109961 MB,  SwapTotal: 4095 MB,  SwapFree: 22 MB,  VmallocTotal: 33554431 MB,  VmallocUsed: 264 MB
INFO:    Current path: /home/ece558_658_2024/cdeclercq/559/unppl_design/lvs-runs
INFO:    Run directory same as current path
INFO:    Log directory: /home/ece558_658_2024/cdeclercq/559/unppl_design/lvs-runs/LOGS
INFO:    PVL parsing results:
WARNING: In technology 'gpdk045', the rule set 'default' is not a Pegasus rule set.
It will be accepted for this run but should be changed to a pegasusRuleSet.
WARNING: TEXT_DEPTH at line 35 in file /ece558_658/pdk/verification/pvs/./pvlLVS.rul is skipped. It is set in control file.

INFO:    See "/home/ece558_658_2024/cdeclercq/559/unppl_design/lvs-runs/LOGS/pvl.log" for additional details.

INFO:    Checking out 1 license(s) of feature: 'Pegasus_LVS' version 22.2
INFO:    License checkout successful ... 2025-05-15 10:15:17

INFO:    Checking out 1 license(s) of feature: 'Pegasus_16nm' version 22.2
INFO:    License checkout successful ... 2025-05-15 10:15:17
WARNING: Neither hcell nor -automatch option is specified.
INFO:    Worker 0 started on host vlsicad.ecs.umass.edu with 1 cpu(s)
         CPU: Model: Intel(R) Xeon(R) Silver 4216 CPU @ 2.10GHz, OS: Red Hat Enterprise Linux release 8.10 (Ootpa), Logical cores: 64, Physical cores: 32, Cache: 22528 KB, CPU Speed: 3200 MHz
         Memory: MemTotal: 257032 MB,  MemFree: 109885 MB,  SwapTotal: 4095 MB,  SwapFree: 22 MB,  VmallocTotal: 33554431 MB,  VmallocUsed: 265 MB
INFO:    LVS report file: /home/ece558_658_2024/cdeclercq/559/unppl_design/lvs-runs/sys_arr_ppl.rep 
INFO:    Extracted layout netlist: /home/ece558_658_2024/cdeclercq/559/unppl_design/lvs-runs/sys_arr_ppl.spi 
INFO:    Setting LAYOUT_PATH to: /home/ece558_658_2024/cdeclercq/559/unppl_design/lvs-runs/sys_arr_ppl.gds.gz 
INFO:    Setting LAYOUT_PRIMARY to: sys_arr_ppl 
INFO:    Setting SCHEMATIC_PATH to: /home/ece558_658_2024/cdeclercq/559/unppl_design/lvs-runs/sys_arr_ppl.cdl 
INFO:    Setting SCHEMATIC_PRIMARY to: sys_arr_ppl 

INFO:    Gdsii input summary
         File name: /home/ece558_658_2024/cdeclercq/559/unppl_design/lvs-runs/sys_arr_ppl.gds.gz
         File size: 20800
         Version: 5.0
         Library name: systolic_array
         Last modified: 2025-5-15 10:15:6
         Last accessed: 2025-5-15 10:15:11
         Database unit in user units: 0.0005
         Database unit in meters: 5e-10
         Magnification: 1 

INFO:    Cell Summary:
         ----------------------------------------------------------------------------
             CELL               INSTANCE    GEOMETRY      LABELS        HREF        FREF
         ----------------------------------------------------------------------------
         M2_M1_CDNS_1                  0           3           0         706       44518
         M2_M1_CDNS_2                  0           6           0          14        4992
         M2_M1_CDNS_3                  0           4           0          57       21040
         M1_PO_CDNS_4                  0           3           0          33       12544
         M1_NWELL_CDNS_5               0           8           0           6        2544
         M1_PSUB_CDNS_6                0           7           0           8        3152
         pmos1v_CDNS_7                 0          21           2          14        4992
         nmos1v_CDNS_8                 0          16           2          16        7264
         pmos1v_CDNS_9                 0          17           2          11        4512
         nmos1v_CDNS_10                0          14           2           9        2240
         FlipFlop                     46          45           5          31         608
         NAND                         19          19           5          10        1040
         XOR                          60          64           5           2         544
         Full_Adder                   21          41           7          10         272
         inv                          12          11           4           1         128
         faabs                        23          48           8           8         128
         Half_Adder                   79          80           6           4          64
         AND                          29          24           5          10         160
         Multiplier_ppl              452         520          19           1          16
         proc_el_ppl                 204         246          29          16          16
         sys_arr_ppl                  22           3         164           1           1
         ----------------------------------------------------------------------------
         TOTAL CELL = 21;  INSTANCE = 967;  GEOMETRY = 1200;  LABEL = 265

INFO:    Layer Summary:
         ----------------------------------------------------------------------------
             LAYER                ID       HPN      HTC        FPN       FTC
         ----------------------------------------------------------------------------
         BJTdum                 1000         0         0         0         0
         Bondpad                1001         0         0         0         0
         Cap3dum                1002         0         0         0         0
         CapMetal               1003         0         0         0         0
         Capdum                 1004         0         0         0         0
         Cont                   1005        27         0    126848         0
         DIOdummy               1006         0         0         0         0
         IND2dummy              1007         0         0         0         0
         INDdummy               1008         0         0         0         0
         M1Resdum               1009         0         0         0         0
         M2Resdum               1010         0         0         0         0
         M3Resdum               1011         0         0         0         0
         M4Resdum               1012         0         0         0         0
         M5Resdum               1013         0         0         0         0
         M6Resdum               1014         0         0         0         0
         M7Resdum               1015         0         0         0         0
         M8Resdum               1016         0         0         0         0
         M9Resdum               1017         0         0         0         0
         M10Resdum              1018         0         0         0         0
         M11Resdum              1019         0         0         0         0
         Metal1                 1020       572         0    183974         0
         Metal2                 1021       455         0    111625         0
         Metal3                 1022         0         0         0         0
         Metal4                 1023         0         0         0         0
         Metal5                 1024         0         0         0         0
         Metal6                 1025         0         0         0         0
         Metal7                 1026         0         0         0         0
         Metal8                 1027         0         0         0         0
         Metal9                 1028         0         0         0         0
         Metal10                1029         0         0         0         0
         Metal11                1030         0         0         0         0
         NPN2dum                1031         0         0         0         0
         NPN5dum                1032         0         0         0         0
         NPN10dum               1033         0         0         0         0
         NPNdummy               1034         0         0         0         0
         Nburied                1035         0         0         0         0
         Nhvt                   1036         0         0         0         0
         Nimp                   1037         5         0     21552         0
         Nlvt                   1038         0         0         0         0
         Nwell                  1039        42         0     15600         0
         Nzvt                   1040         0         0         0         0
         Oxide                  1041        14         0     62720         0
         Oxide_thk              1042         0         0         0         0
         PNPdummy               1043         0         0         0         0
         Phvt                   1044         0         0         0         0
         Pimp                   1045         5         0     22160         0
         Plvt                   1046         0         0         0         0
         Poly                   1047        73         0    127648         0
         Psub                   1048         0         0         0         0
         ResWdum                1049         0         0         0         0
         Resdum                 1050         0         0         0         0
         SiProt                 1051         0         0         0         0
         Via1                   1052         7         0    106566         0
         Via2                   1053         0         0         0         0
         Via3                   1054         0         0         0         0
         Via4                   1055         0         0         0         0
         Via5                   1056         0         0         0         0
         Via6                   1057         0         0         0         0
         Via7                   1058         0         0         0         0
         Via8                   1059         0         0         0         0
         Via9                   1060         0         0         0         0
         Via10                  1061         0         0         0         0
         ind10_text             1062         0         0         0         0
         ind11_text             1063         0         0         0         0
         metal1_conn_text       1064         0       237         0     53876
         metal2_conn_text       1065         0        28         0       656
         metal3_conn_text       1066         0         0         0         0
         metal4_conn_text       1067         0         0         0         0
         metal5_conn_text       1068         0         0         0         0
         metal6_conn_text       1069         0         0         0         0
         metal8_conn_text       1070         0         0         0         0
         metal9_conn_text       1071         0         0         0         0
         metal10_conn_text      1072         0         0         0         0
         metal11_conn_text      1073         0         0         0         0
         m1_label               1076         0         0         0         0
         m2_label               1077         0         0         0         0
         m3_label               1078         0         0         0         0
         m4_label               1079         0         0         0         0
         m5_label               1080         0         0         0         0
         m6_label               1081         0         0         0         0
         m7_label               1082         0         0         0         0
         m8_label               1083         0         0         0         0
         m9_label               1084         0         0         0         0
         m10_label              1085         0         0         0         0
         m11_label              1086         0         0         0         0
         m1_pin                 1087         0         0         0         0
         m2_pin                 1088         0         0         0         0
         m3_pin                 1089         0         0         0         0
         m4_pin                 1090         0         0         0         0
         m5_pin                 1091         0         0         0         0
         m6_pin                 1092         0         0         0         0
         m7_pin                 1093         0         0         0         0
         m8_pin                 1094         0         0         0         0
         m9_pin                 1095         0         0         0         0
         m10_pin                1096         0         0         0         0
         m11_pin                1097         0         0         0         0
         text                   1098         0         0         0         0
         ----------------------------------------------------------------------------

INFO:    CHIP EXTENT: -54450 -387070 294530 49020


INFO:    Ports ...
         ========================================================================

INFO:    Texts For Connectivity ...
         ========================================================================
         VDD (-25.355, 22.845) 1064 sys_arr_ppl
         S33_7 (146.050, -193.185) 1064 sys_arr_ppl
         S33_6 (146.055, -191.770) 1064 sys_arr_ppl
         S33_5 (146.065, -184.715) 1064 sys_arr_ppl
         S33_4 (146.065, -177.675) 1064 sys_arr_ppl
         S33_3 (146.060, -170.640) 1064 sys_arr_ppl
         S33_2 (146.075, -163.595) 1064 sys_arr_ppl
         S33_1 (146.060, -156.550) 1064 sys_arr_ppl
         S33_0 (146.090, -149.505) 1064 sys_arr_ppl
         S32_7 (146.050, -138.675) 1064 sys_arr_ppl
         S32_6 (146.055, -137.260) 1064 sys_arr_ppl
         S32_5 (146.070, -130.210) 1064 sys_arr_ppl
         S32_4 (146.090, -123.170) 1064 sys_arr_ppl
         S32_3 (146.070, -116.130) 1064 sys_arr_ppl
         S32_2 (146.080, -109.080) 1064 sys_arr_ppl
         S32_1 (146.070, -102.040) 1064 sys_arr_ppl
         S32_0 (146.085, -94.995) 1064 sys_arr_ppl
         S31_7 (146.065, -84.185) 1064 sys_arr_ppl
         S31_6 (146.070, -82.765) 1064 sys_arr_ppl
         S31_5 (146.080, -75.720) 1064 sys_arr_ppl
         S31_4 (146.080, -68.675) 1064 sys_arr_ppl
         S31_3 (146.075, -61.630) 1064 sys_arr_ppl
         S31_2 (146.080, -54.590) 1064 sys_arr_ppl
         S31_1 (146.085, -47.545) 1064 sys_arr_ppl
         S31_0 (146.080, -40.500) 1064 sys_arr_ppl
         S30_7 (146.055, -29.670) 1064 sys_arr_ppl
         S30_6 (146.065, -28.250) 1064 sys_arr_ppl
         S30_5 (146.075, -21.210) 1064 sys_arr_ppl
         S30_4 (146.070, -14.165) 1064 sys_arr_ppl
         S30_3 (146.075, -7.115) 1064 sys_arr_ppl
         S30_2 (146.100, -0.080) 1064 sys_arr_ppl
         S30_1 (146.085, 6.965) 1064 sys_arr_ppl
         S30_0 (146.095, 14.015) 1064 sys_arr_ppl
         S23_7 (102.435, -193.190) 1064 sys_arr_ppl
         S23_6 (102.445, -191.765) 1064 sys_arr_ppl
         S23_5 (102.450, -184.720) 1064 sys_arr_ppl
         S23_4 (102.455, -177.680) 1064 sys_arr_ppl
         S23_3 (102.450, -170.640) 1064 sys_arr_ppl
         S23_2 (102.465, -163.590) 1064 sys_arr_ppl
         S23_1 (102.465, -156.545) 1064 sys_arr_ppl
         S23_0 (102.470, -149.505) 1064 sys_arr_ppl
         S22_7 (102.435, -138.680) 1064 sys_arr_ppl
         S22_6 (102.450, -137.260) 1064 sys_arr_ppl
         S22_5 (102.445, -130.205) 1064 sys_arr_ppl
         S22_4 (102.450, -123.160) 1064 sys_arr_ppl
         S22_3 (102.450, -116.125) 1064 sys_arr_ppl
         S22_2 (102.465, -109.080) 1064 sys_arr_ppl
         S22_1 (102.465, -102.040) 1064 sys_arr_ppl
         S22_0 (102.475, -94.995) 1064 sys_arr_ppl
         S21_7 (102.455, -84.175) 1064 sys_arr_ppl
         S21_6 (102.465, -82.755) 1064 sys_arr_ppl
         S21_5 (102.440, -75.720) 1064 sys_arr_ppl
         S21_4 (102.450, -68.670) 1064 sys_arr_ppl
         S21_3 (102.475, -61.630) 1064 sys_arr_ppl
         S21_2 (102.480, -54.590) 1064 sys_arr_ppl
         S21_1 (102.475, -47.545) 1064 sys_arr_ppl
         S21_0 (102.480, -40.500) 1064 sys_arr_ppl
         S20_7 (102.450, -29.670) 1064 sys_arr_ppl
         S20_6 (102.455, -28.250) 1064 sys_arr_ppl
         S20_5 (102.450, -21.205) 1064 sys_arr_ppl
         S20_4 (102.455, -14.165) 1064 sys_arr_ppl
         S20_3 (102.460, -7.120) 1064 sys_arr_ppl
         S20_2 (102.480, -0.080) 1064 sys_arr_ppl
         S20_1 (102.475, 6.965) 1064 sys_arr_ppl
         S20_0 (102.475, 14.005) 1064 sys_arr_ppl
         S13_7 (58.825, -193.185) 1064 sys_arr_ppl
         S13_6 (58.835, -191.765) 1064 sys_arr_ppl
         S13_5 (58.840, -184.725) 1064 sys_arr_ppl
         S13_4 (58.840, -177.675) 1064 sys_arr_ppl
         S13_3 (58.835, -170.640) 1064 sys_arr_ppl
         S13_2 (58.855, -163.590) 1064 sys_arr_ppl
         S13_1 (58.850, -156.545) 1064 sys_arr_ppl
         S13_0 (58.865, -149.505) 1064 sys_arr_ppl
         S12_7 (58.825, -138.675) 1064 sys_arr_ppl
         S12_6 (58.835, -137.255) 1064 sys_arr_ppl
         S12_5 (58.840, -130.210) 1064 sys_arr_ppl
         S12_4 (58.840, -123.170) 1064 sys_arr_ppl
         S12_3 (58.840, -116.120) 1064 sys_arr_ppl
         S12_2 (58.845, -109.080) 1064 sys_arr_ppl
         S12_1 (58.845, -102.035) 1064 sys_arr_ppl
         S12_0 (58.855, -94.990) 1064 sys_arr_ppl
         S11_7 (58.830, -84.180) 1064 sys_arr_ppl
         S11_6 (58.840, -82.760) 1064 sys_arr_ppl
         S11_5 (58.845, -75.710) 1064 sys_arr_ppl
         S11_4 (58.845, -68.670) 1064 sys_arr_ppl
         S11_3 (58.840, -61.625) 1064 sys_arr_ppl
         S11_2 (58.840, -54.585) 1064 sys_arr_ppl
         S11_1 (58.840, -47.540) 1064 sys_arr_ppl
         S11_0 (58.870, -40.500) 1064 sys_arr_ppl
         S10_7 (58.840, -29.670) 1064 sys_arr_ppl
         S10_6 (58.860, -28.255) 1064 sys_arr_ppl
         S10_5 (58.865, -21.210) 1064 sys_arr_ppl
         S10_4 (58.855, -14.160) 1064 sys_arr_ppl
         S10_3 (58.855, -7.120) 1064 sys_arr_ppl
         S10_2 (58.865, -0.075) 1064 sys_arr_ppl
         S10_1 (58.870, 6.970) 1064 sys_arr_ppl
         S10_0 (58.875, 14.005) 1064 sys_arr_ppl
         S03_7 (15.205, -193.185) 1064 sys_arr_ppl
         S03_6 (15.220, -191.765) 1064 sys_arr_ppl
         S03_5 (15.220, -184.720) 1064 sys_arr_ppl
         S03_4 (15.220, -177.670) 1064 sys_arr_ppl
         S03_3 (15.215, -170.640) 1064 sys_arr_ppl
         S03_2 (15.220, -163.595) 1064 sys_arr_ppl
         S03_1 (15.235, -156.550) 1064 sys_arr_ppl
         S03_0 (15.230, -149.505) 1064 sys_arr_ppl
         S02_7 (15.205, -138.680) 1064 sys_arr_ppl
         S02_6 (15.215, -137.250) 1064 sys_arr_ppl
         S02_5 (15.220, -130.205) 1064 sys_arr_ppl
         S02_4 (15.220, -123.170) 1064 sys_arr_ppl
         S02_3 (15.205, -116.130) 1064 sys_arr_ppl
         S02_2 (15.215, -109.080) 1064 sys_arr_ppl
         S02_1 (15.240, -102.035) 1064 sys_arr_ppl
         S02_0 (15.230, -94.995) 1064 sys_arr_ppl
         S01_7 (15.210, -84.185) 1064 sys_arr_ppl
         S01_6 (15.205, -82.760) 1064 sys_arr_ppl
         S01_5 (15.220, -75.720) 1064 sys_arr_ppl
         S01_4 (15.220, -68.670) 1064 sys_arr_ppl
         S01_3 (15.225, -61.635) 1064 sys_arr_ppl
         S01_2 (15.225, -54.585) 1064 sys_arr_ppl
         S01_1 (15.225, -47.540) 1064 sys_arr_ppl
         S01_0 (15.245, -40.500) 1064 sys_arr_ppl
         S00_7 (15.235, -29.670) 1064 sys_arr_ppl
         S00_6 (15.250, -28.255) 1064 sys_arr_ppl
         S00_5 (15.250, -21.205) 1064 sys_arr_ppl
         S00_4 (15.250, -14.165) 1064 sys_arr_ppl
         S00_3 (15.245, -7.125) 1064 sys_arr_ppl
         S00_2 (15.250, -0.085) 1064 sys_arr_ppl
         S00_1 (15.245, 6.965) 1064 sys_arr_ppl
         S00_0 (15.245, 14.010) 1064 sys_arr_ppl
         RST (-27.135, -29.840) 1064 sys_arr_ppl
         PHI (-27.165, 24.315) 1064 sys_arr_ppl
         GND (-25.350, 21.195) 1064 sys_arr_ppl
         A03_3 (-27.130, -139.595) 1064 sys_arr_ppl
         A03_2 (-27.125, -139.795) 1064 sys_arr_ppl
         A03_1 (-27.125, -139.995) 1064 sys_arr_ppl
         A03_0 (-27.135, -140.195) 1064 sys_arr_ppl
         A02_3 (-27.135, -85.085) 1064 sys_arr_ppl
         A02_2 (-27.125, -85.280) 1064 sys_arr_ppl
         A02_1 (-27.135, -85.480) 1064 sys_arr_ppl
         A02_0 (-27.140, -85.685) 1064 sys_arr_ppl
         A01_3 (-27.130, -30.590) 1064 sys_arr_ppl
         A01_2 (-27.130, -30.790) 1064 sys_arr_ppl
         A01_1 (-27.140, -30.985) 1064 sys_arr_ppl
         A01_0 (-27.145, -31.190) 1064 sys_arr_ppl
         A00_3 (-27.155, 23.920) 1064 sys_arr_ppl
         A00_2 (-27.150, 23.720) 1064 sys_arr_ppl
         A00_1 (-27.145, 23.520) 1064 sys_arr_ppl
         A00_0 (-27.140, 23.320) 1064 sys_arr_ppl
         B30_3 (103.880, 24.390) 1065 sys_arr_ppl
         B30_2 (104.030, 24.390) 1065 sys_arr_ppl
         B30_1 (104.180, 24.390) 1065 sys_arr_ppl
         B30_0 (104.335, 24.385) 1065 sys_arr_ppl
         B20_3 (60.265, 24.385) 1065 sys_arr_ppl
         B20_2 (60.415, 24.390) 1065 sys_arr_ppl
         B20_1 (60.570, 24.395) 1065 sys_arr_ppl
         B20_0 (60.725, 24.385) 1065 sys_arr_ppl
         B10_3 (16.650, 24.400) 1065 sys_arr_ppl
         B10_2 (16.795, 24.390) 1065 sys_arr_ppl
         B10_1 (16.955, 24.395) 1065 sys_arr_ppl
         B10_0 (17.105, 24.390) 1065 sys_arr_ppl
         B00_3 (-26.960, 24.395) 1065 sys_arr_ppl
         B00_2 (-26.810, 24.390) 1065 sys_arr_ppl
         B00_1 (-26.670, 24.390) 1065 sys_arr_ppl
         B00_0 (-26.515, 24.395) 1065 sys_arr_ppl
         VDD (-19.780, 24.230) 1064 proc_el_ppl
         S7 (20.846, -28.287) 1064 proc_el_ppl
         S6 (20.858, -26.863) 1064 proc_el_ppl
         S5 (20.863, -19.814) 1064 proc_el_ppl
         S4 (20.863, -12.771) 1064 proc_el_ppl
         S3 (20.863, -5.728) 1064 proc_el_ppl
         S2 (20.875, 1.312) 1064 proc_el_ppl
         S1 (20.877, 8.351) 1064 proc_el_ppl
         S0 (20.877, 15.391) 1064 proc_el_ppl
         RSTP (21.880, -28.455) 1064 proc_el_ppl
         RST (-21.565, -28.455) 1064 proc_el_ppl
         PHI (-21.595, 25.700) 1064 proc_el_ppl
         GND (-19.780, 22.580) 1064 proc_el_ppl
         A3P (21.890, 25.305) 1064 proc_el_ppl
         A3 (-21.590, 25.305) 1064 proc_el_ppl
         A2P (21.895, 25.105) 1064 proc_el_ppl
         A2 (-21.590, 25.110) 1064 proc_el_ppl
         A1P (21.895, 24.905) 1064 proc_el_ppl
         A1 (-21.600, 24.905) 1064 proc_el_ppl
         A0P (21.890, 24.705) 1064 proc_el_ppl
         A0 (-21.600, 24.705) 1064 proc_el_ppl
         B3P (-21.390, -28.505) 1065 proc_el_ppl
         B3 (-21.395, 25.860) 1065 proc_el_ppl
         B2P (-21.240, -28.505) 1065 proc_el_ppl
         B2 (-21.245, 25.860) 1065 proc_el_ppl
         B1P (-21.090, -28.500) 1065 proc_el_ppl
         B1 (-21.095, 25.860) 1065 proc_el_ppl
         B0P (-20.940, -28.505) 1065 proc_el_ppl
         B0 (-20.945, 25.855) 1065 proc_el_ppl
         VDD (-14.275, 20.575) 1064 Multiplier_ppl
         PHI (-15.335, 22.045) 1064 Multiplier_ppl
         P7 (13.215, -23.420) 1064 Multiplier_ppl
         P6 (13.210, -23.215) 1064 Multiplier_ppl
         P5 (13.210, -23.060) 1064 Multiplier_ppl
         P4 (13.210, -22.905) 1064 Multiplier_ppl
         P3 (13.210, -22.750) 1064 Multiplier_ppl
         P2 (13.215, -9.560) 1064 Multiplier_ppl
         P1 (13.220, 4.955) 1064 Multiplier_ppl
         P0 (13.210, 18.135) 1064 Multiplier_ppl
         GND (-14.270, 18.925) 1064 Multiplier_ppl
         B3 (-15.345, -7.890) 1064 Multiplier_ppl
         B2 (-15.345, 6.875) 1064 Multiplier_ppl
         B1 (-15.345, 17.790) 1064 Multiplier_ppl
         B0 (-15.335, 20.850) 1064 Multiplier_ppl
         A3 (-15.340, 21.650) 1064 Multiplier_ppl
         A2 (-15.340, 21.450) 1064 Multiplier_ppl
         A1 (-15.340, 21.250) 1064 Multiplier_ppl
         A0 (-15.330, 21.050) 1064 Multiplier_ppl
         Y (0.635, 0.850) 1064 AND
         VDD (-1.355, 1.925) 1064 AND
         GND (-1.355, 0.275) 1064 AND
         B (-1.415, 0.860) 1064 AND
         A (-1.420, 1.230) 1064 AND
         VDD (-1.660, 0.570) 1064 Half_Adder
         SUM (2.665, -0.420) 1064 Half_Adder
         GND (-1.655, 2.455) 1064 Half_Adder
         COUT (2.645, 1.790) 1064 Half_Adder
         B (-1.730, -0.395) 1064 Half_Adder
         A (-1.715, -0.750) 1064 Half_Adder
         VDD (-6.590, 4.720) 1064 faabs
         SOUT (3.875, 0.610) 1064 faabs
         GND (-6.590, 6.265) 1064 faabs
         A (-6.635, 3.415) 1064 faabs
         RST (0.120, 6.470) 1065 faabs
         PHI (0.280, 6.470) 1065 faabs
         COUT (-6.240, -0.680) 1065 faabs
         CIN (-6.235, 6.460) 1065 faabs
         Y (0.490, 0.400) 1064 inv
         VDD (-0.475, 1.430) 1064 inv
         GND (-0.465, -0.125) 1064 inv
         A (-0.520, 0.635) 1064 inv
         VDD (-4.685, 4.420) 1064 Full_Adder
         SUM (1.725, 3.445) 1064 Full_Adder
         GND (-4.685, 5.965) 1064 Full_Adder
         COUT (1.705, 0.550) 1064 Full_Adder
         CIN (-4.715, 1.700) 1064 Full_Adder
         B (-4.740, 3.475) 1064 Full_Adder
         A (-4.730, 3.115) 1064 Full_Adder
         Y (1.660, 1.350) 1064 XOR
         VDD (-1.395, 2.325) 1064 XOR
         GND (-1.395, 3.870) 1064 XOR
         B (-1.450, 1.380) 1064 XOR
         A (-1.440, 1.020) 1064 XOR
         Y (0.085, 0.340) 1064 NAND
         VDD (-1.000, 1.235) 1064 NAND
         GND (-1.000, -0.425) 1064 NAND
         B (-1.045, 0.155) 1064 NAND
         A (-1.040, 0.525) 1064 NAND
         Y (1.530, 1.045) 1064 FlipFlop
         VDD (-1.475, 2.270) 1064 FlipFlop
         PHI (-1.505, 1.285) 1064 FlipFlop
         GND (-1.475, 0.010) 1064 FlipFlop
         A (-1.545, 0.855) 1064 FlipFlop
         S_source_0 (-0.080, 0.060) 1064 nmos1v_CDNS_10
         D_drain_1 (0.125, 0.060) 1064 nmos1v_CDNS_10
         S_source_0 (-0.080, 0.120) 1064 pmos1v_CDNS_9
         D_drain_1 (0.125, 0.120) 1064 pmos1v_CDNS_9
         S_source_0 (-0.080, 0.120) 1064 nmos1v_CDNS_8
         D_drain_1 (0.125, 0.120) 1064 nmos1v_CDNS_8
         S_source_0 (-0.080, 0.240) 1064 pmos1v_CDNS_7
         D_drain_1 (0.125, 0.240) 1064 pmos1v_CDNS_7

INFO:    Texts For SELECT -LABEL ...
         ========================================================================

INFO:    Texts For EXPAND_TEXT_ORIGIN ...
         ========================================================================

INFO:    Texts For DFM_TEXT ...
         ========================================================================

INFO:    Texts For Device Text Model Layer ...
         ========================================================================

INFO:    Texts For Device Text Property Layer ...
         ========================================================================

INFO:    Layer Summary(Texts For Connectivity):
         ----------------------------------------------------------------------------
             LAYER                ID       TEXTS
         ----------------------------------------------------------------------------
         metal1_conn_text       1064       237
         metal2_conn_text       1065        28
         ----------------------------------------------------------------------------

INFO:    Layer Summary(Texts For SELECT -LABEL):
         ----------------------------------------------------------------------------
             LAYER                ID       TEXTS
         ----------------------------------------------------------------------------
         ----------------------------------------------------------------------------

INFO:    Layer Summary(Texts For EXPAND_TEXT_ORIGIN):
         ----------------------------------------------------------------------------
             LAYER                ID       TEXTS
         ----------------------------------------------------------------------------
         ----------------------------------------------------------------------------

INFO:    Layer Summary(Texts For DFM_TEXT):
         ----------------------------------------------------------------------------
             LAYER                ID       TEXTS
         ----------------------------------------------------------------------------
         ----------------------------------------------------------------------------

INFO:    Expanded Cell Summary
INFO:    Status: Runset 100% complete as of 2025-05-15 10:15:18   Elapsed: 00:00:01
         Worker: Active CPUs  Total Mem(MB)  Active Mem(MB)  CPU time(s)
              0:    1 /   1             28              15            1
INFO:	 Status: Finishing as of 2025-05-15 10:15:18   Elapsed: 00:00:01   CPU time[s]: 1
INFO:    Resource usage by worker at exit:
                  CPU      Elapsed  CPUs       CPU       Peak        Peak engine
         Worker:  time[s]  time[s]  Allocated  usage[%]  Memory[MB]  Memory[MB]
              0:        1        1          1     78.97          28           15
         Worker resource usage  summary: Total CPU[s]: 1  Run duration[s]: 1  Max peak memory[MB]: 28
         Worker CPU utilization summary: 1 of 1 available CPU seconds (100.00%) with 1 average available CPU(s)
INFO:    Extraction result: CLEAN (Reporter)
INFO:    Generating summary in /home/ece558_658_2024/cdeclercq/559/unppl_design/lvs-runs/sys_arr_ppl.sum
INFO:    All selected rules completed
         Total CPU Time                    : 1(s)
         Total Real Time                   : 2(s)
         Total Original Geometry           : 1200(778693)
         Total ERC RuleChecks              : 0
         Total ERC Results                 : 0 (0)
INFO:    Pegasus extracted connectivity database creation started
INFO:    CmdLine: /opt/cadence/pegasus/tools.lnx86/Pegasus/bin/64bit/edbToEcdb -kf -edb sys_arr_ppl_2850467.db -ecdb ./ -topcell sys_arr_ppl -netlist /home/ece558_658_2024/cdeclercq/559/unppl_design/lvs-runs/svdb/sys_arr_ppl.net -layermap /home/ece558_658_2024/cdeclercq/559/unppl_design/lvs-runs/svdb/sys_arr_ppl.ecdbmap -textmap /home/ece558_658_2024/cdeclercq/559/unppl_design/lvs-runs/svdb/sys_arr_ppl.ports -dependmap sys_arr_ppl.lmap.perc -kvp ifs:KPP -lvsfile /home/ece558_658_2024/cdeclercq/559/unppl_design/lvs-runs/svdb/sys_arr_ppl.lvsfile -saveFloatingNets .sys_arr_ppl.info.softchk 
INFO:    Opening layer file 'sys_arr_ppl_2850467.db/__layer'...
INFO:    Loading layer map file '/home/ece558_658_2024/cdeclercq/559/unppl_design/lvs-runs/svdb/sys_arr_ppl.ecdbmap'...
INFO:    Loading text map file '/home/ece558_658_2024/cdeclercq/559/unppl_design/lvs-runs/svdb/sys_arr_ppl.ports'...
INFO:    Loading dependency map file 'sys_arr_ppl.lmap.perc'...
INFO:    Pre loading edb directory contents...
INFO:    ECDB file name './/.sys_arr_ppl.ecdb'...
INFO:    Loading lvs file '/home/ece558_658_2024/cdeclercq/559/unppl_design/lvs-runs/svdb/sys_arr_ppl.lvsfile'...
INFO:    Writing db header information...(0s)
INFO:    Transfering cdl structures to ecdb structures...
INFO:    Read Netlist (32 threads)...
INFO:      DONE - (2s)
INFO:    Process (32 threads)...
INFO:    Cell(       0):   4% Done...(2s), M2_M1_CDNS_1                            
INFO:    Cell(       3):   9% Done...(2s), M1_PO_CDNS_4                            
INFO:    Cell(       2):  13% Done...(2s), M2_M1_CDNS_3                            
INFO:    Cell(       1):  18% Done...(2s), M2_M1_CDNS_2                            
INFO:    Cell(       5):  22% Done...(2s), M1_PSUB_CDNS_6                          
INFO:    Cell(      20):  27% Done...(2s), MASCO__A1                               
INFO:    Cell(       4):  31% Done...(2s), M1_NWELL_CDNS_5                         
INFO:    Cell(       9):  36% Done...(2s), nmos1v_CDNS_10                          
INFO:    Cell(       6):  40% Done...(2s), pmos1v_CDNS_7                           
INFO:    Cell(      14):  45% Done...(2s), inv                                     
INFO:    Cell(      13):  50% Done...(2s), Full_Adder                              
INFO:    Cell(      21):  54% Done...(2s), sys_arr_ppl                             
INFO:    Cell(      10):  59% Done...(2s), FlipFlop                                
INFO:    Cell(      11):  63% Done...(2s), NAND                                    
INFO:    Cell(      17):  68% Done...(2s), AND                                     
INFO:    Cell(      15):  72% Done...(2s), faabs                                   
INFO:    Cell(      12):  77% Done...(2s), XOR                                     
INFO:    Cell(      16):  81% Done...(2s), Half_Adder                              
INFO:    Cell(      19):  86% Done...(2s), proc_el_ppl                             
INFO:    Cell(      18):  90% Done...(2s), Multiplier_ppl                          
INFO:    Cell(       8):  95% Done...(3s), pmos1v_CDNS_9                           
INFO:    Cell(       7): 100% Done...(4s), nmos1v_CDNS_8                           
INFO:      DONE - (2s)
INFO:    Cells creation time: (4s)
INFO:    Write netlist items...         (4s)
INFO:    Saving name table to db...
INFO:    Save device templates to the db...
INFO:    Save connect rules to the db...
INFO:    Write calculated header information to the top of file...
INFO:    Erasing cdl subckts...          (0s)

INFO:    edbToEcdb Header Information:
  ECDB file version   : 37
  DevTmpl offset      : 153360
  Connect offset      : 153460
  NameTable offset    : 141254
  Layer Map offset    : 167
  Cell Start offset   : 139714
  Cell End offset     : 141254
  Aux Data offset     : 153764
  Labels     offset   : 0
  Layer RW   offset   : 0
  NVP                 : ifs:0.01 
  Scale               : 8000
  GDS Scale           : 2000
  File size (static)  : 163278
  File size (dynamic) : 0
  Cell count          : 22
  ECDB create time    : 4
  EDB info            : 10
  Top Cell            : sys_arr_ppl
  EDB info (Trans)    : WRITTEN_64 W_NOT_NET_ORDER 

INFO:    edbToEcdb Sizes written to disk (MB):
  NameTbl             :     0.012106
  Layers              :     0.004419
  Shapes              :     0.036764
  XYTree              :     0.027602
  LookUpTbls          :     0.007917
  Cells               :     0.002030
  Insts               :     0.023148
  Ports               :     0.022314
  Nets                :     0.008152
  Pins                :     0.001325
  Labels              :     0.007420
  DevTmpl             :     0.000100
  Connect             :     0.000300
  Header              :     0.000167
  AuxData             :     0.009512
  NvnLabels           :     0.000002
---------------------------------
  Total               :     0.163278

INFO:    Manager summary: CPU(s): 0 Elapsed(s): 4 Peak memory(MB): 1574.29
INFO:    Pegasus extracted connectivity database creation completed. 2025-05-15 10:15:23


INFO:    Creating annotated GDS ...
INFO:    Library name: sys_arr_ppl_2850467
INFO:    GDSII file name: /home/ece558_658_2024/cdeclercq/559/unppl_design/lvs-runs/svdb/sys_arr_ppl.agf
INFO:    Cells to be written out: sys_arr_ppl
INFO:    Source Library: sys_arr_ppl_2850467
INFO:    Status: Task in progress ...
INFO:    Pegasus creating annotated GDS completed. 2025-05-15 10:15:18
INFO:    Pegasus REPORTDB creation started...
INFO:    Processing file sys_arr_ppl.rep
INFO:    Manager summary: CPU(s): 0 Elapsed(s): 0 Peak memory(MB): 0.00
INFO:    Pegasus REPORTDB creation completed. 2025-05-15 10:15:23


INFO:    Comparing netlists ...
INFO:    Setup VLDB (0s)
INFO:    Init sch rules (0s)
INFO:    Init lay rules (0s)
INFO:    Init structures (0s)
INFO:    Set cells to delete (0s)
INFO:    Check expand on pin error (0s)
INFO:    Reading schematic network
INFO:     inputting cdl netlist /home/ece558_658_2024/cdeclercq/559/unppl_design/lvs-runs/netlist...
WARNING (NVN-13002): *.BIPOLAR is not supported.
WARNING (NVN-13002): *.RESI is not supported.
WARNING (NVN-13002): *.RESVAL is not supported.
WARNING (NVN-13002): *.CAPVAL is not supported.
WARNING (NVN-13002): *.DIOPERI is not supported.
WARNING (NVN-13002): *.DIOAREA is not supported.
WARNING (NVN-13002): *.EQUATION is not supported.
WARNING (NVN-13003): "*.SCALE" is not supported. Use ".OPTION SCALE" instead or specify  'lvs_cdn_flow_options -cdl_use_scale' in the rule file.
INFO:     finished loading cdl netlist /home/ece558_658_2024/cdeclercq/559/unppl_design/lvs-runs/netlist (0s)
INFO:     commit cdl netlist(s)...
INFO:     finished committing cdl netlists (0s)
INFO:    Post sch netlist rule processing (0s)
INFO:    Reading layout network
INFO:     inputting (fast parser) cdl netlist  /home/ece558_658_2024/cdeclercq/559/unppl_design/lvs-runs/svdb/sys_arr_ppl.net...
INFO:     finished loading cdl netlist /home/ece558_658_2024/cdeclercq/559/unppl_design/lvs-runs/svdb/sys_arr_ppl.net (0s)
INFO:     commit cdl netlist(s)...
INFO:     finished committing cdl netlists (0s)
INFO:    Post lay netlist rule processing (0s)
INFO:    Processing blackBox rules (0s)
INFO:    Processing bindings (0s)
WARNING (NVN-15140): Cell 'pll_vco_indsym1p3' used in rule 'lvs_black_box' cannot be found in the layout. 
Skipping this rule.
WARNING (NVN-15140): Cell 'pll_vco_indsym1p3' used in rule 'lvs_black_box' cannot be found in the schematic. 
Skipping this rule.
INFO:    Commit sch verilog netlist (0s)
INFO:    Commit lay verilog netlist (0s)
INFO:    Erase netlist data (0s)
INFO:    Set blackbox cells (0s)
INFO:    Sch put cells in memory (0s)
INFO:    Sch update netlist rules (0s)
INFO:    Sch adjust device pins (0s)
INFO:    Sch calc hier order (0s)
INFO:    Sch process inherited connections (0s)
INFO:    Sch generate qrc files (0s)
INFO:    Sch handle global pins (0s)
INFO:    Sch apply rule actions with processed netlist (0s)
INFO:    Sch process cell supply (0s)
INFO:    Lay put cells in memory (0s)
INFO:    Lay update netlist rules (0s)
INFO:    Lay calc hier order (0s)
INFO:    Lay process inherited connections (0s)
INFO:    Lay generate qrc files (0s)
INFO:    Lay handle global pins (0s)
INFO:    Lay apply rule actions with processed netlist (0s)
INFO:    Lay process cell supply (0s)
INFO:    Check if interposer flow (0s)
INFO:    Check binding file (0s)
INFO:    Set topcell global pin indicator (0s)
INFO:    Calculate preserve parameterized cells (0s)
INFO:    Check generic device bindings (0s)
INFO:    Calculate primitive device bindings (0s)
INFO:    Remove unused device parameters (0s)
INFO:    Set instances to flatten inside cells (0s)
INFO:    Calculate parameters (0s)
INFO:    Start sch normalization (0s)
INFO:    Start lay normalization (0s)
INFO:    Calculate primitive device bindings (2nd time) (0s)
INFO:    Finalize binding (0s)
INFO:    Sch join nets (0s)
INFO:    Sch setup hier normalization (0s)
INFO:    Sch remove feedthroughs and black box cell instances (0s)
INFO:    Sch remove identical pins (0s)
INFO:    Sch calc connection counts (0s)
INFO:    Run genHierCells (0s)
INFO:    Reset normalization flags (0s)
INFO:    Lay join nets (0s)
INFO:    Lay setup hier normalization (0s)
INFO:    Lay remove feedthroughs and black box cell instances (0s)
INFO:    Lay remove identical pins (0s)
INFO:    Lay calc connection counts (0s)
INFO:    Normalize sch (0s)
INFO:    Read in color file (0s)
INFO:    Set scale factor per cell (0s)
INFO:    Setup property init rules (0s)
INFO:    Write sch vldb file (0s)
INFO:    Write lay vldb file (0s)
INFO:    Apply preserve parameterized cells (0s)
INFO:    Cleanup after VLDB processing (0s)
WARNING (NVN-15002): Rule 'lvs_recognize_gates -all' was set, but either
           the power net or the ground net (or both) was missing as follows.
               schematic power
               schematic ground
               layout power
               layout ground
           Rule 'lvs_recognize_gates -all' requires both power and ground nets to operate.
           These can be identified using rules 'lvs_power_name' and 'lvs_ground_name'.
           Resetting rule to 'lvs_recognize_gates -simple'
INFO (NVN-10007): Found ecdb file .sys_arr_ppl.ecdb, will use during comparison.

INFO:    Cell comparison output format:
            <Comparing|Top Cell> <Layout Cell> vs <Schematic Cell>
               <Layout instances> insts vs <Schematic instances> insts  (<Time>)-<Status>

         Top Cell  sys_arr_ppl vs sys_arr_ppl
            12400 insts vs 12400 insts . . . . . . . . . . . . . . . . . . . . (1s)-match

INFO:    Generating the LVS report...
           Report Init (0s)
           Load common queries (0s)
           Create report (0s)
           Cleanup (0s)
INFO:    Report finished

INFO:    Extraction Run Summary
         Total CPU Time        : 1(s)
         Total Real Time       : 2(s)
         Peak Memory Used      : 28.00(M)


INFO:    NVN Run Summary
         Total CPU Time        : 1(s)
         Total Real Time       : 1(s)
         Peak Memory Used      : 264.46(M)


INFO:    LVS Summary
         Total CPU Time        : 2(s)
         Total Real Time       : 3(s)
         Peak Memory Used      : 264.46(M)

    #######################################################################
    #                                                                     #
    # Run Result             : MATCH                                      #
    #                                                                     #
    # Run Summary            : [INFO]  ERC Results: Empty                 #
    #                        : [INFO]  Extraction Clean                   #
    #                        : [INFO]  Some Sections Have Been Truncated  #
    #                                                                     #
    # ERC Summary File       : sys_arr_ppl.sum                            #
    # Extraction Report File : sys_arr_ppl.rep                            #
    # Comparison Report File : sys_arr_ppl.rep.cls                        #
    #                                                                     #
    #######################################################################


INFO:    Creating cross reference database ...
INFO:    Manager summary: CPU(s): 0 Elapsed(s): 0 Peak memory(MB): 87.05
INFO:    Checking in all SoftShare licenses.
INFO:    Creating cross reference database completed. Thu May 15 10:15:24 2025


Pegasus finished normally. 2025-05-15 10:15:24


