Mdi:ArrangeIcons
Mdi:ArrangeIcons
Mdi:ArrangeIcons
wm geometry . 900x785+8+85
Mdi:ArrangeIcons
Mdi:ArrangeIcons
wm geometry . 1920x980+0+23
Mdi:ArrangeIcons
Mdi:ArrangeIcons
wm geometry . 1920x980+8+31
Mdi:ArrangeIcons
wm geometry . 1920x980+0+23
Mdi:ArrangeIcons
wm geometry . 1920x980+8+31
Mdi:ArrangeIcons
wm geometry . 1920x980+0+23
Mdi:ArrangeIcons
Mdi:ArrangeIcons
ScopeSigMgr:loadpffile /home/ece558_658_2024/cdeclercq/559/unppl_design/systolic_array/sys_arr_ppl/sap_prl.tr0 1 openonly
# PF:1
wm geometry .sigmgr._PF:1 232x242+1813+540
Mdi:ArrangeIcons
Mdi:ArrangeIcons
Mdi:ArrangeIcons
Mdi:ArrangeIcons
Mdi:ArrangeIcons
Mdi:ArrangeIcons
wm geometry .sigmgr._PF:1 232x242+1667+339
wm geometry .sigmgr._PF:1 232x627+1667+339
wm geometry .sigmgr._PF:1 232x242+1667+339
wm geometry .sigmgr._PF:1 232x627+1667+339
Mdi:ArrangeIcons
Mdi:ArrangeIcons
ScopeSigMgr:loadpffile /home/ece558_658_2024/cdeclercq/559/unppl_design/systolic_array/sys_arr_ppl/sap_prs.tr0 1 openonly
# PF:2
wm geometry .sigmgr._PF:2 232x242+1843+570
wm geometry .sigmgr._PF:2 232x242+1432+340
wm geometry .sigmgr._PF:2 232x625+1432+340
Mdi:Resize 1379 849
Mdi:Move 5 5
wm geometry .sigmgr._PF:2 232x242+1843+570
wm geometry .sigmgr._PF:2 232x242+1432+340
wm geometry .sigmgr._PF:2 232x625+1432+340
Mdi:ArrangeIcons
Mdi:ArrangeIcons
Mdi:ArrangeIcons
Mdi:ArrangeIcons
pf:read PF:2 v(net434)
# WF:2:1
Graph addsignal WF:2:1 -region new -yview real(y) -xview real(x) -tracehi 2
# Signal0
GrXY:NewGraph
# Graph1
pf:read PF:2 v(net437)
# WF:2:2
Graph addsignal WF:2:2 -region new -yview real(y) -xview real(x) -tracehi 2
# Signal0
pf:read PF:2 v(net436)
# WF:2:3
Graph addsignal WF:2:3 -region new -yview real(y) -xview real(x) -tracehi 2
# Signal1
pf:read PF:2 v(net435)
# WF:2:4
Graph addsignal WF:2:4 -region new -yview real(y) -xview real(x) -tracehi 2
# Signal2
pf:read PF:2 v(net434)
# WF:2:1
Graph addsignal WF:2:1 -region new -yview real(y) -xview real(x) -tracehi 2
# Signal3
Mdi:Resize 1364 807
Mdi:Move 5 5
Mdi:ArrangeIcons
Mdi:ArrangeIcons
Mdi:ArrangeIcons
Mdi:ArrangeIcons
Mdi:ArrangeIcons
Mdi:ArrangeIcons
Mdi:ArrangeIcons
Mdi:ArrangeIcons
Mdi:ArrangeIcons
Mdi:ArrangeIcons
Mdi:ArrangeIcons
Mdi:ArrangeIcons
Mdi:ArrangeIcons
Mdi:ArrangeIcons
Mdi:ArrangeIcons
GrXY:NewGraph
# Graph2
pf:read PF:1 v(s30_0)
# WF:1:1
Graph addsignal WF:1:1 -region new -yview real(y) -xview real(x) -tracehi 2
# Signal0
Mdi:Resize 1356 842
Mdi:Move 5 5
pf:read PF:1 v(s30_1)
# WF:1:2
Graph addsignal WF:1:2 -region new -yview real(y) -xview real(x) -tracehi 2
# Signal1
pf:read PF:1 v(s30_2)
# WF:1:3
Graph addsignal WF:1:3 -region new -yview real(y) -xview real(x) -tracehi 2
# Signal2
pf:read PF:1 v(s30_3)
# WF:1:4
Graph addsignal WF:1:4 -region new -yview real(y) -xview real(x) -tracehi 2
# Signal3
pf:read PF:1 v(s30_4)
# WF:1:5
Graph addsignal WF:1:5 -region new -yview real(y) -xview real(x) -tracehi 2
# Signal4
pf:read PF:1 v(s30_5)
# WF:1:6
Graph addsignal WF:1:6 -region new -yview real(y) -xview real(x) -tracehi 2
# Signal5
pf:read PF:1 v(s30_6)
# WF:1:7
Graph addsignal WF:1:7 -region new -yview real(y) -xview real(x) -tracehi 2
# Signal6
pf:read PF:1 v(s30_7)
# WF:1:8
Graph addsignal WF:1:8 -region new -yview real(y) -xview real(x) -tracehi 2
# Signal7
Mdi:ArrangeIcons
Mdi:ArrangeIcons
Mdi:ArrangeIcons
Mdi:ArrangeIcons
Mdi:ArrangeIcons
GrXY:NewGraph
# Graph3
pf:read PF:1 v(s11_0)
# WF:1:9
Graph addsignal WF:1:9 -region new -yview real(y) -xview real(x) -tracehi 2
# Signal0
pf:read PF:1 v(s11_1)
# WF:1:10
Graph addsignal WF:1:10 -region new -yview real(y) -xview real(x) -tracehi 2
# Signal1
pf:read PF:1 v(s11_2)
# WF:1:11
Graph addsignal WF:1:11 -region new -yview real(y) -xview real(x) -tracehi 2
# Signal2
pf:read PF:1 v(s11_3)
# WF:1:12
Graph addsignal WF:1:12 -region new -yview real(y) -xview real(x) -tracehi 2
# Signal3
pf:read PF:1 v(s11_4)
# WF:1:13
Graph addsignal WF:1:13 -region new -yview real(y) -xview real(x) -tracehi 2
# Signal4
pf:read PF:1 v(s11_5)
# WF:1:14
Graph addsignal WF:1:14 -region new -yview real(y) -xview real(x) -tracehi 2
# Signal5
pf:read PF:1 v(s11_6)
# WF:1:15
Graph addsignal WF:1:15 -region new -yview real(y) -xview real(x) -tracehi 2
# Signal6
pf:read PF:1 v(s11_7)
# WF:1:16
Graph addsignal WF:1:16 -region new -yview real(y) -xview real(x) -tracehi 2
# Signal7
GrXY:NewGraph
# Graph4
pf:read PF:1 v(s21_0)
# WF:1:17
Graph addsignal WF:1:17 -region new -yview real(y) -xview real(x) -tracehi 2
# Signal0
pf:read PF:1 v(s21_1)
# WF:1:18
Graph addsignal WF:1:18 -region new -yview real(y) -xview real(x) -tracehi 2
# Signal1
pf:read PF:1 v(s21_2)
# WF:1:19
Graph addsignal WF:1:19 -region new -yview real(y) -xview real(x) -tracehi 2
# Signal2
pf:read PF:1 v(s21_3)
# WF:1:20
Graph addsignal WF:1:20 -region new -yview real(y) -xview real(x) -tracehi 2
# Signal3
pf:read PF:1 v(s21_4)
# WF:1:21
Graph addsignal WF:1:21 -region new -yview real(y) -xview real(x) -tracehi 2
# Signal4
pf:read PF:1 v(s21_5)
# WF:1:22
Graph addsignal WF:1:22 -region new -yview real(y) -xview real(x) -tracehi 2
# Signal5
pf:read PF:1 v(s21_6)
# WF:1:23
Graph addsignal WF:1:23 -region new -yview real(y) -xview real(x) -tracehi 2
# Signal6
pf:read PF:1 v(s21_7)
# WF:1:24
Graph addsignal WF:1:24 -region new -yview real(y) -xview real(x) -tracehi 2
# Signal7
Mdi:Resize 1398 846
Mdi:Move 5 5
GrXY:NewGraph
# Graph5
pf:read PF:1 v(s12_0)
# WF:1:25
Graph addsignal WF:1:25 -region new -yview real(y) -xview real(x) -tracehi 2
# Signal0
pf:read PF:1 v(s12_1)
# WF:1:26
Graph addsignal WF:1:26 -region new -yview real(y) -xview real(x) -tracehi 2
# Signal1
pf:read PF:1 v(s12_2)
# WF:1:27
Graph addsignal WF:1:27 -region new -yview real(y) -xview real(x) -tracehi 2
# Signal2
pf:read PF:1 v(s12_3)
# WF:1:28
Graph addsignal WF:1:28 -region new -yview real(y) -xview real(x) -tracehi 2
# Signal3
pf:read PF:1 v(s12_4)
# WF:1:29
Graph addsignal WF:1:29 -region new -yview real(y) -xview real(x) -tracehi 2
# Signal4
pf:read PF:1 v(s13_5)
# WF:1:30
Graph addsignal WF:1:30 -region new -yview real(y) -xview real(x) -tracehi 2
# Signal5
pf:read PF:1 v(s13_6)
# WF:1:31
Graph addsignal WF:1:31 -region new -yview real(y) -xview real(x) -tracehi 2
# Signal6
pf:read PF:1 v(s13_7)
# WF:1:32
Graph addsignal WF:1:32 -region new -yview real(y) -xview real(x) -tracehi 2
# Signal7
Mdi:Resize 1385 823
Mdi:Move 5 5
pf:read PF:1 v(s02_0)
# WF:1:33
Graph addsignal WF:1:33 -region new -yview real(y) -xview real(x) -tracehi 2
# Signal8
pf:read PF:1 v(s02_1)
# WF:1:34
Graph addsignal WF:1:34 -region new -yview real(y) -xview real(x) -tracehi 2
# Signal9
pf:read PF:1 v(s02_2)
# WF:1:35
Graph addsignal WF:1:35 -region new -yview real(y) -xview real(x) -tracehi 2
# Signal10
pf:read PF:1 v(s02_3)
# WF:1:36
Graph addsignal WF:1:36 -region new -yview real(y) -xview real(x) -tracehi 2
# Signal11
pf:read PF:1 v(s02_4)
# WF:1:37
Graph addsignal WF:1:37 -region new -yview real(y) -xview real(x) -tracehi 2
# Signal12
pf:read PF:1 v(s02_5)
# WF:1:38
Graph addsignal WF:1:38 -region new -yview real(y) -xview real(x) -tracehi 2
# Signal13
pf:read PF:1 v(s02_6)
# WF:1:39
Graph addsignal WF:1:39 -region new -yview real(y) -xview real(x) -tracehi 2
# Signal14
pf:read PF:1 v(s02_7)
# WF:1:40
Graph addsignal WF:1:40 -region new -yview real(y) -xview real(x) -tracehi 2
# Signal15
Mdi:ArrangeIcons
GrXY:NewGraph
# Graph6
pf:read PF:1 v(s22_0)
# WF:1:41
Graph addsignal WF:1:41 -region new -yview real(y) -xview real(x) -tracehi 2
# Signal0
pf:read PF:1 v(s22_1)
# WF:1:42
Graph addsignal WF:1:42 -region new -yview real(y) -xview real(x) -tracehi 2
# Signal1
pf:read PF:1 v(s22_2)
# WF:1:43
Graph addsignal WF:1:43 -region new -yview real(y) -xview real(x) -tracehi 2
# Signal2
pf:read PF:1 v(s22_3)
# WF:1:44
Graph addsignal WF:1:44 -region new -yview real(y) -xview real(x) -tracehi 2
# Signal3
pf:read PF:1 v(s22_4)
# WF:1:45
Graph addsignal WF:1:45 -region new -yview real(y) -xview real(x) -tracehi 2
# Signal4
pf:read PF:1 v(s22_5)
# WF:1:46
Graph addsignal WF:1:46 -region new -yview real(y) -xview real(x) -tracehi 2
# Signal5
pf:read PF:1 v(s22_6)
# WF:1:47
Graph addsignal WF:1:47 -region new -yview real(y) -xview real(x) -tracehi 2
# Signal6
pf:read PF:1 v(s22_7)
# WF:1:48
Graph addsignal WF:1:48 -region new -yview real(y) -xview real(x) -tracehi 2
# Signal7
Mdi:Resize 1396 834
Mdi:Move 5 5
Mdi:ArrangeIcons
Mdi:ArrangeIcons
Mdi:ArrangeIcons
Mdi:ArrangeIcons
Mdi:ArrangeIcons
pf:read PF:1 v(s13_0)
# WF:1:49
Graph addsignal WF:1:49 -region new -yview real(y) -xview real(x) -tracehi 2
# Signal8
GrXY:NewGraph
# Graph7
pf:read PF:1 v(s13_0)
# WF:1:49
Graph addsignal WF:1:49 -region new -yview real(y) -xview real(x) -tracehi 2
# Signal0
pf:read PF:1 v(s13_1)
# WF:1:50
Graph addsignal WF:1:50 -region new -yview real(y) -xview real(x) -tracehi 2
# Signal1
pf:read PF:1 v(s13_2)
# WF:1:51
Graph addsignal WF:1:51 -region new -yview real(y) -xview real(x) -tracehi 2
# Signal2
pf:read PF:1 v(s13_3)
# WF:1:52
Graph addsignal WF:1:52 -region new -yview real(y) -xview real(x) -tracehi 2
# Signal3
pf:read PF:1 v(s13_4)
# WF:1:53
Graph addsignal WF:1:53 -region new -yview real(y) -xview real(x) -tracehi 2
# Signal4
pf:read PF:1 v(s13_5)
# WF:1:30
Graph addsignal WF:1:30 -region new -yview real(y) -xview real(x) -tracehi 2
# Signal5
pf:read PF:1 v(s13_6)
# WF:1:31
Graph addsignal WF:1:31 -region new -yview real(y) -xview real(x) -tracehi 2
# Signal6
pf:read PF:1 v(s13_7)
# WF:1:32
Graph addsignal WF:1:32 -region new -yview real(y) -xview real(x) -tracehi 2
# Signal7
Mdi:Resize 1364 828
Mdi:Move 5 5
pf:read PF:2 v(s13_0)
# WF:2:5
Graph addsignal WF:2:5 -region new -yview real(y) -xview real(x) -tracehi 2
# Signal8
pf:read PF:2 v(s13_1)
# WF:2:6
Graph addsignal WF:2:6 -region new -yview real(y) -xview real(x) -tracehi 2
# Signal9
pf:read PF:2 v(s13_2)
# WF:2:7
Graph addsignal WF:2:7 -region new -yview real(y) -xview real(x) -tracehi 2
# Signal10
pf:read PF:2 v(s13_3)
# WF:2:8
Graph addsignal WF:2:8 -region new -yview real(y) -xview real(x) -tracehi 2
# Signal11
pf:read PF:2 v(s13_4)
# WF:2:9
Graph addsignal WF:2:9 -region new -yview real(y) -xview real(x) -tracehi 2
# Signal12
pf:read PF:2 v(s13_5)
# WF:2:10
Graph addsignal WF:2:10 -region new -yview real(y) -xview real(x) -tracehi 2
# Signal13
pf:read PF:2 v(s13_6)
# WF:2:11
Graph addsignal WF:2:11 -region new -yview real(y) -xview real(x) -tracehi 2
# Signal14
GrXY:NewGraph
# Graph8
pf:read PF:1 v(s31_0)
# WF:1:54
Graph addsignal WF:1:54 -region new -yview real(y) -xview real(x) -tracehi 2
# Signal0
pf:read PF:1 v(s31_1)
# WF:1:55
Graph addsignal WF:1:55 -region new -yview real(y) -xview real(x) -tracehi 2
# Signal1
pf:read PF:1 v(s31_2)
# WF:1:56
Graph addsignal WF:1:56 -region new -yview real(y) -xview real(x) -tracehi 2
# Signal2
pf:read PF:1 v(s31_3)
# WF:1:57
Graph addsignal WF:1:57 -region new -yview real(y) -xview real(x) -tracehi 2
# Signal3
pf:read PF:1 v(s31_4)
# WF:1:58
Graph addsignal WF:1:58 -region new -yview real(y) -xview real(x) -tracehi 2
# Signal4
pf:read PF:1 v(s31_5)
# WF:1:59
Graph addsignal WF:1:59 -region new -yview real(y) -xview real(x) -tracehi 2
# Signal5
pf:read PF:1 v(s31_6)
# WF:1:60
Graph addsignal WF:1:60 -region new -yview real(y) -xview real(x) -tracehi 2
# Signal6
pf:read PF:1 v(s31_7)
# WF:1:61
Graph addsignal WF:1:61 -region new -yview real(y) -xview real(x) -tracehi 2
# Signal7
Mdi:ArrangeIcons
Mdi:ArrangeIcons
Mdi:ArrangeIcons
Mdi:Resize 1364 836
Mdi:Move 5 5
GrXY:NewGraph
# Graph9
pf:read PF:1 v(s12_0)
# WF:1:25
Graph addsignal WF:1:25 -region new -yview real(y) -xview real(x) -tracehi 2
# Signal0
pf:read PF:1 v(s12_1)
# WF:1:26
Graph addsignal WF:1:26 -region new -yview real(y) -xview real(x) -tracehi 2
# Signal1
pf:read PF:1 v(s12_2)
# WF:1:27
Graph addsignal WF:1:27 -region new -yview real(y) -xview real(x) -tracehi 2
# Signal2
pf:read PF:1 v(s12_3)
# WF:1:28
Graph addsignal WF:1:28 -region new -yview real(y) -xview real(x) -tracehi 2
# Signal3
pf:read PF:1 v(s12_4)
# WF:1:29
Graph addsignal WF:1:29 -region new -yview real(y) -xview real(x) -tracehi 2
# Signal4
pf:read PF:1 v(s12_5)
# WF:1:62
Graph addsignal WF:1:62 -region new -yview real(y) -xview real(x) -tracehi 2
# Signal5
pf:read PF:1 v(s12_6)
# WF:1:63
Graph addsignal WF:1:63 -region new -yview real(y) -xview real(x) -tracehi 2
# Signal6
pf:read PF:1 v(s12_7)
# WF:1:64
Graph addsignal WF:1:64 -region new -yview real(y) -xview real(x) -tracehi 2
# Signal7
Mdi:Resize 1380 839
Mdi:Move 5 5
Mdi:ArrangeIcons
Mdi:ArrangeIcons
Mdi:ArrangeIcons
ScopeSigMgr:Reload 0 {{(1) sap_prl.tr0}}
Mdi:ArrangeIcons
Mdi:ArrangeIcons
Mdi:ArrangeIcons
GrXY:NewGraph
Mdi:ArrangeIcons
GrXY:NewGraph
# Graph11
pf:read PF:3 v(s02_3)
# WF:3:9
Graph addsignal WF:3:9 -region new -yview real(y) -xview real(x) -tracehi 2
# Signal0
GrXY:NewGraph
# Graph12
pf:read PF:3 v(s00_3)
# WF:3:10
Graph addsignal WF:3:10 -region new -yview real(y) -xview real(x) -tracehi 2
# Signal0
GrXY:NewGraph
# Graph13
pf:read PF:3 v(s00_0)
# WF:3:11
Graph addsignal WF:3:11 -region new -yview real(y) -xview real(x) -tracehi 2
# Signal0
pf:read PF:3 v(s00_1)
# WF:3:12
Graph addsignal WF:3:12 -region new -yview real(y) -xview real(x) -tracehi 2
# Signal1
pf:read PF:3 v(s00_1)
# WF:3:12
Graph addsignal WF:3:12 -region new -yview real(y) -xview real(x) -tracehi 2
# Signal2
GrXY:NewGraph
# Graph14
pf:read PF:3 v(s00_0)
# WF:3:11
Graph addsignal WF:3:11 -region new -yview real(y) -xview real(x) -tracehi 2
# Signal0
pf:read PF:3 v(s00_1)
# WF:3:12
Graph addsignal WF:3:12 -region new -yview real(y) -xview real(x) -tracehi 2
# Signal1
pf:read PF:3 v(s00_2)
# WF:3:13
Graph addsignal WF:3:13 -region new -yview real(y) -xview real(x) -tracehi 2
# Signal2
pf:read PF:3 v(s00_3)
# WF:3:10
Graph addsignal WF:3:10 -region new -yview real(y) -xview real(x) -tracehi 2
# Signal3
pf:read PF:3 v(s00_4)
# WF:3:14
Graph addsignal WF:3:14 -region new -yview real(y) -xview real(x) -tracehi 2
# Signal4
pf:read PF:3 v(s00_5)
# WF:3:15
Graph addsignal WF:3:15 -region new -yview real(y) -xview real(x) -tracehi 2
# Signal5
pf:read PF:3 v(s00_6)
# WF:3:16
Graph addsignal WF:3:16 -region new -yview real(y) -xview real(x) -tracehi 2
# Signal6
pf:read PF:3 v(s00_7)
# WF:3:17
Graph addsignal WF:3:17 -region new -yview real(y) -xview real(x) -tracehi 2
# Signal7
pf:read PF:3 v(s01_0)
# WF:3:18
Graph addsignal WF:3:18 -region new -yview real(y) -xview real(x) -tracehi 2
# Signal8
pf:read PF:3 v(s01_2)
# WF:3:19
Graph addsignal WF:3:19 -region new -yview real(y) -xview real(x) -tracehi 2
# Signal9
Mdi:Resize 1207 710
Mdi:Move 5 5
Mdi:ArrangeIcons
Mdi:ArrangeIcons
Mdi:ArrangeIcons
Mdi:ArrangeIcons
Mdi:ArrangeIcons
ScopeSigMgr:Reload 0 {{(1) sap_prl.tr0}}
Mdi:ArrangeIcons
GrXY:NewGraph
# Graph15
pf:read PF:4 v(s00_0)
# WF:4:1
Graph addsignal WF:4:1 -region new -yview real(y) -xview real(x) -tracehi 2
# Signal0
pf:read PF:4 v(s00_1)
# WF:4:2
Graph addsignal WF:4:2 -region new -yview real(y) -xview real(x) -tracehi 2
# Signal1
pf:read PF:4 v(s00_2)
# WF:4:3
Graph addsignal WF:4:3 -region new -yview real(y) -xview real(x) -tracehi 2
# Signal2
pf:read PF:4 v(s00_3)
# WF:4:4
Graph addsignal WF:4:4 -region new -yview real(y) -xview real(x) -tracehi 2
# Signal3
pf:read PF:4 v(s00_3)
# WF:4:4
Graph addsignal WF:4:4 -region new -yview real(y) -xview real(x) -tracehi 2
# Signal4
pf:read PF:4 v(s00_4)
# WF:4:5
Graph addsignal WF:4:5 -region new -yview real(y) -xview real(x) -tracehi 2
# Signal5
Graph:Select Graph15
Graph:DSel
Graph itemselect Signal5 add
# Signal5
Graph:DSel
Graph itemselect Signal4 add
# Signal4
Graph delsignal selected
Graph:DSel
pf:read PF:4 v(s00_5)
# WF:4:6
Graph addsignal WF:4:6 -region new -yview real(y) -xview real(x) -tracehi 2
# Signal6
pf:read PF:4 v(s00_6)
# WF:4:7
Graph addsignal WF:4:7 -region new -yview real(y) -xview real(x) -tracehi 2
# Signal7
pf:read PF:4 v(s00_7)
# WF:4:8
Graph addsignal WF:4:8 -region new -yview real(y) -xview real(x) -tracehi 2
# Signal8
pf:read PF:4 v(s33_0)
# WF:4:9
Graph addsignal WF:4:9 -region new -yview real(y) -xview real(x) -tracehi 2
# Signal9
pf:read PF:4 v(s33_1)
# WF:4:10
Graph addsignal WF:4:10 -region new -yview real(y) -xview real(x) -tracehi 2
# Signal10
pf:read PF:4 v(s33_2)
# WF:4:11
Graph addsignal WF:4:11 -region new -yview real(y) -xview real(x) -tracehi 2
# Signal11
pf:read PF:4 v(s33_3)
# WF:4:12
Graph addsignal WF:4:12 -region new -yview real(y) -xview real(x) -tracehi 2
# Signal12
pf:read PF:4 v(s33_4)
# WF:4:13
Graph addsignal WF:4:13 -region new -yview real(y) -xview real(x) -tracehi 2
# Signal13
pf:read PF:4 v(s33_5)
# WF:4:14
Graph addsignal WF:4:14 -region new -yview real(y) -xview real(x) -tracehi 2
# Signal14
pf:read PF:4 v(s33_6)
# WF:4:15
Graph addsignal WF:4:15 -region new -yview real(y) -xview real(x) -tracehi 2
# Signal15
pf:read PF:4 v(s33_7)
# WF:4:16
Graph addsignal WF:4:16 -region new -yview real(y) -xview real(x) -tracehi 2
# Signal16
Mdi:Resize 1381 838
Mdi:Move 5 5
GrXY:NewGraph
# Graph16
pf:read PF:4 v(s12_0)
# WF:4:17
Graph addsignal WF:4:17 -region new -yview real(y) -xview real(x) -tracehi 2
# Signal0
pf:read PF:4 v(s12_1)
# WF:4:18
Graph addsignal WF:4:18 -region new -yview real(y) -xview real(x) -tracehi 2
# Signal1
pf:read PF:4 v(s12_2)
# WF:4:19
Graph addsignal WF:4:19 -region new -yview real(y) -xview real(x) -tracehi 2
# Signal2
pf:read PF:4 v(s12_3)
# WF:4:20
Graph addsignal WF:4:20 -region new -yview real(y) -xview real(x) -tracehi 2
# Signal3
pf:read PF:4 v(s12_4)
# WF:4:21
Graph addsignal WF:4:21 -region new -yview real(y) -xview real(x) -tracehi 2
# Signal4
pf:read PF:4 v(s12_5)
# WF:4:22
Graph addsignal WF:4:22 -region new -yview real(y) -xview real(x) -tracehi 2
# Signal5
pf:read PF:4 v(s12_6)
# WF:4:23
Graph addsignal WF:4:23 -region new -yview real(y) -xview real(x) -tracehi 2
# Signal6
pf:read PF:4 v(s12_7)
# WF:4:24
Graph addsignal WF:4:24 -region new -yview real(y) -xview real(x) -tracehi 2
# Signal7
Mdi:Resize 1366 816
Mdi:Move 5 5
Mdi:ArrangeIcons
Mdi:ArrangeIcons
Mdi:ArrangeIcons
Mdi:ArrangeIcons
Mdi:ArrangeIcons
ScopeSigMgr:Reload 0 {{(1) sap_prl.tr0}}
Mdi:ArrangeIcons
Mdi:ArrangeIcons
Mdi:ArrangeIcons
Mdi:ArrangeIcons
Mdi:ArrangeIcons
Mdi:ArrangeIcons
ScopeSigMgr:Reload 0 {{(1) sap_prl.tr0}}
Mdi:ArrangeIcons
Mdi:ArrangeIcons
Mdi:ArrangeIcons
Mdi:ArrangeIcons
Mdi:ArrangeIcons
Mdi:ArrangeIcons
ScopeSigMgr:Reload 0 {{(1) sap_prl.tr0}}
